******************************************************************************
             TMS320C2000 Linker PC v18.1.2                     
******************************************************************************
>> Linked Thu Aug 16 20:43:34 2018

OUTPUT FILE NAME:   <FEM3.out>
ENTRY POINT SYMBOL: "_c_int00"  address: 00009fa1


MEMORY CONFIGURATION

         name            origin    length      used     unused   attr    fill
----------------------  --------  ---------  --------  --------  ----  --------
PAGE 0:
  BEGIN                 00000000   00000002  00000002  00000000  RWIX
  RAMM0                 00000050   000003b0  00000000  000003b0  RWIX
  RAML0                 00008000   00001000  00000117  00000ee9  RWIX
  RAML1                 00009000   00001000  00001000  00000000  RWIX
  RAML2                 0000a000   00001000  0000034c  00000cb4  RWIX
  RAML3                 0000b000   00001000  00000000  00001000  RWIX
  ZONE7A                00200000   0000fc00  00000000  0000fc00  RWIX
  CSM_RSVD              0033ff80   00000076  00000000  00000076  RWIX
  CSM_PWL               0033fff8   00000008  00000000  00000008  RWIX
  ADC_CAL               00380080   00000009  00000007  00000002  RWIX
  IQTABLES              003fe000   00000b50  00000000  00000b50  RWIX
  IQTABLES2             003feb50   0000008c  00000000  0000008c  RWIX
  FPUTABLES             003febdc   000006a0  00000000  000006a0  RWIX
  BOOTROM               003ff27c   00000d44  00000000  00000d44  RWIX
  RESET                 003fffc0   00000002  00000000  00000002  RWIX

PAGE 1:
  BOOT_RSVD             00000002   0000004e  00000000  0000004e  RWIX
  RAMM1                 00000400   00000400  00000400  00000000  RWIX
  DEV_EMU               00000880   00000180  000000d0  000000b0  RWIX
  FLASH_REGS            00000a80   00000060  00000008  00000058  RWIX
  CSM                   00000ae0   00000010  00000010  00000000  RWIX
  ADC_MIRROR            00000b00   00000010  00000010  00000000  RWIX
  XINTF                 00000b20   00000020  0000001e  00000002  RWIX
  CPU_TIMER0            00000c00   00000008  00000008  00000000  RWIX
  CPU_TIMER1            00000c08   00000008  00000008  00000000  RWIX
  CPU_TIMER2            00000c10   00000008  00000008  00000000  RWIX
  PIE_CTRL              00000ce0   00000020  0000001a  00000006  RWIX
  PIE_VECT              00000d00   00000100  00000100  00000000  RWIX
  DMA                   00001000   00000200  000000e0  00000120  RWIX
  MCBSPA                00005000   00000040  00000025  0000001b  RWIX
  MCBSPB                00005040   00000040  00000025  0000001b  RWIX
  ECANA                 00006000   00000040  00000034  0000000c  RWIX
  ECANA_LAM             00006040   00000040  00000040  00000000  RWIX
  ECANA_MOTS            00006080   00000040  00000040  00000000  RWIX
  ECANA_MOTO            000060c0   00000040  00000040  00000000  RWIX
  ECANA_MBOX            00006100   00000100  00000100  00000000  RWIX
  ECANB                 00006200   00000040  00000034  0000000c  RWIX
  ECANB_LAM             00006240   00000040  00000040  00000000  RWIX
  ECANB_MOTS            00006280   00000040  00000040  00000000  RWIX
  ECANB_MOTO            000062c0   00000040  00000040  00000000  RWIX
  ECANB_MBOX            00006300   00000100  00000100  00000000  RWIX
  EPWM1                 00006800   00000022  00000022  00000000  RWIX
  EPWM2                 00006840   00000022  00000022  00000000  RWIX
  EPWM3                 00006880   00000022  00000022  00000000  RWIX
  EPWM4                 000068c0   00000022  00000022  00000000  RWIX
  EPWM5                 00006900   00000022  00000022  00000000  RWIX
  EPWM6                 00006940   00000022  00000022  00000000  RWIX
  ECAP1                 00006a00   00000020  00000020  00000000  RWIX
  ECAP2                 00006a20   00000020  00000020  00000000  RWIX
  ECAP3                 00006a40   00000020  00000020  00000000  RWIX
  ECAP4                 00006a60   00000020  00000020  00000000  RWIX
  ECAP5                 00006a80   00000020  00000020  00000000  RWIX
  ECAP6                 00006aa0   00000020  00000020  00000000  RWIX
  EQEP1                 00006b00   00000040  00000040  00000000  RWIX
  EQEP2                 00006b40   00000040  00000040  00000000  RWIX
  GPIOCTRL              00006f80   00000040  0000002e  00000012  RWIX
  GPIODAT               00006fc0   00000020  00000020  00000000  RWIX
  GPIOINT               00006fe0   00000020  0000000a  00000016  RWIX
  SYSTEM                00007010   00000020  00000020  00000000  RWIX
  SPIA                  00007040   00000010  00000010  00000000  RWIX
  SCIA                  00007050   00000010  00000010  00000000  RWIX
  XINTRUPT              00007070   00000010  00000010  00000000  RWIX
  ADC                   00007100   00000020  0000001e  00000002  RWIX
  SCIB                  00007750   00000010  00000010  00000000  RWIX
  SCIC                  00007770   00000010  00000010  00000000  RWIX
  I2CA                  00007900   00000040  00000022  0000001e  RWIX
  RAML4                 0000c000   00001000  00000098  00000f68  RWIX
  RAML5                 0000d000   00001000  00000100  00000f00  RWIX
  RAML6                 0000e000   00001000  00000000  00001000  RWIX
  RAML7                 0000f000   00001000  00000000  00001000  RWIX
  ZONE7B                0020fc00   00000400  00000000  00000400  RWIX
  CSM_PWL               0033fff8   00000008  00000008  00000000  RWIX
  PARTID                00380090   00000001  00000001  00000000  RWIX


SECTION ALLOCATION MAP

 output                                  attributes/
section   page    origin      length       input sections
--------  ----  ----------  ----------   ----------------
codestart 
*          0    00000000    00000002     
                  00000000    00000002     DSP2833x_CodeStartBranch.obj (codestart)

ramfuncs   0    000080f6    00000021     
                  000080f6    0000001d     DSP2833x_SysCtrl.obj (ramfuncs)
                  00008113    00000004     DSP2833x_usDelay.obj (ramfuncs)

.cinit     0    00008000    000000f6     
                  00008000    00000091     main.obj (.cinit)
                  00008091    00000023     FEM_speed.obj (.cinit)
                  000080b4    00000010     FEM_pedal.obj (.cinit)
                  000080c4    0000000e     rts2800_fpu32.lib : exit.c.obj (.cinit)
                  000080d2    0000000c     FEM_safety.obj (.cinit)
                  000080de    0000000c     FEM_steering.obj (.cinit)
                  000080ea    00000005     rts2800_fpu32.lib : _lock.c.obj (.cinit:__lock)
                  000080ef    00000005                       : _lock.c.obj (.cinit:__unlock)
                  000080f4    00000002     --HOLE-- [fill = 0]

.pinit     0    00008000    00000000     UNINITIALIZED

.stack     1    00000400    00000400     UNINITIALIZED
                  00000400    00000400     --HOLE--

DevEmuRegsFile 
*          1    00000880    000000d0     UNINITIALIZED
                  00000880    000000d0     DSP2833x_GlobalVariableDefs.obj (DevEmuRegsFile)

FlashRegsFile 
*          1    00000a80    00000008     UNINITIALIZED
                  00000a80    00000008     DSP2833x_GlobalVariableDefs.obj (FlashRegsFile)

CsmRegsFile 
*          1    00000ae0    00000010     UNINITIALIZED
                  00000ae0    00000010     DSP2833x_GlobalVariableDefs.obj (CsmRegsFile)

AdcMirrorFile 
*          1    00000b00    00000010     UNINITIALIZED
                  00000b00    00000010     DSP2833x_GlobalVariableDefs.obj (AdcMirrorFile)

XintfRegsFile 
*          1    00000b20    0000001e     UNINITIALIZED
                  00000b20    0000001e     DSP2833x_GlobalVariableDefs.obj (XintfRegsFile)

CpuTimer0RegsFile 
*          1    00000c00    00000008     UNINITIALIZED
                  00000c00    00000008     DSP2833x_GlobalVariableDefs.obj (CpuTimer0RegsFile)

CpuTimer1RegsFile 
*          1    00000c08    00000008     UNINITIALIZED
                  00000c08    00000008     DSP2833x_GlobalVariableDefs.obj (CpuTimer1RegsFile)

CpuTimer2RegsFile 
*          1    00000c10    00000008     UNINITIALIZED
                  00000c10    00000008     DSP2833x_GlobalVariableDefs.obj (CpuTimer2RegsFile)

PieCtrlRegsFile 
*          1    00000ce0    0000001a     UNINITIALIZED
                  00000ce0    0000001a     DSP2833x_GlobalVariableDefs.obj (PieCtrlRegsFile)

ECanaMOTSRegsFile 
*          1    00006080    00000040     UNINITIALIZED
                  00006080    00000040     DSP2833x_GlobalVariableDefs.obj (ECanaMOTSRegsFile)

ECanaMOTORegsFile 
*          1    000060c0    00000040     UNINITIALIZED
                  000060c0    00000040     DSP2833x_GlobalVariableDefs.obj (ECanaMOTORegsFile)

ECanbMOTSRegsFile 
*          1    00006280    00000040     UNINITIALIZED
                  00006280    00000040     DSP2833x_GlobalVariableDefs.obj (ECanbMOTSRegsFile)

ECanbMOTORegsFile 
*          1    000062c0    00000040     UNINITIALIZED
                  000062c0    00000040     DSP2833x_GlobalVariableDefs.obj (ECanbMOTORegsFile)

.ebss      1    0000c000    00000098     UNINITIALIZED
                  0000c000    0000005e     main.obj (.ebss)
                  0000c05e    00000018     DSP2833x_CpuTimers.obj (.ebss)
                  0000c076    00000006     rts2800_fpu32.lib : exit.c.obj (.ebss)
                  0000c07c    00000004     FEM_pedal.obj (.ebss)
                  0000c080    0000000e     FEM_speed.obj (.ebss)
                  0000c08e    00000003     FEM_safety.obj (.ebss)
                  0000c091    00000003     FEM_steering.obj (.ebss)
                  0000c094    00000002     rts2800_fpu32.lib : _lock.c.obj (.ebss:__lock)
                  0000c096    00000002                       : _lock.c.obj (.ebss:__unlock)

.econst    1    0000d000    00000100     
                  0000d000    00000100     DSP2833x_PieVect.obj (.econst:_PieVectTableInit)

.reset     0    003fffc0    00000002     DSECT
                  003fffc0    00000002     rts2800_fpu32.lib : boot28.asm.obj (.reset)

csm_rsvd   0    0033ff80    00000000     DSECT

csmpasswds 
*          0    0033fff8    00000000     DSECT

.adc_cal   0    00380080    00000007     NOLOAD SECTION
                  00380080    00000007     DSP2833x_ADC_cal.obj (.adc_cal)

PieVectTableFile 
*          1    00000d00    00000100     UNINITIALIZED
                  00000d00    00000100     DSP2833x_GlobalVariableDefs.obj (PieVectTableFile)

DmaRegsFile 
*          1    00001000    000000e0     UNINITIALIZED
                  00001000    000000e0     DSP2833x_GlobalVariableDefs.obj (DmaRegsFile)

McbspaRegsFile 
*          1    00005000    00000025     UNINITIALIZED
                  00005000    00000025     DSP2833x_GlobalVariableDefs.obj (McbspaRegsFile)

McbspbRegsFile 
*          1    00005040    00000025     UNINITIALIZED
                  00005040    00000025     DSP2833x_GlobalVariableDefs.obj (McbspbRegsFile)

ECanaRegsFile 
*          1    00006000    00000034     UNINITIALIZED
                  00006000    00000034     DSP2833x_GlobalVariableDefs.obj (ECanaRegsFile)

ECanaLAMRegsFile 
*          1    00006040    00000040     UNINITIALIZED
                  00006040    00000040     DSP2833x_GlobalVariableDefs.obj (ECanaLAMRegsFile)

ECanaMboxesFile 
*          1    00006100    00000100     UNINITIALIZED
                  00006100    00000100     DSP2833x_GlobalVariableDefs.obj (ECanaMboxesFile)

ECanbRegsFile 
*          1    00006200    00000034     UNINITIALIZED
                  00006200    00000034     DSP2833x_GlobalVariableDefs.obj (ECanbRegsFile)

ECanbLAMRegsFile 
*          1    00006240    00000040     UNINITIALIZED
                  00006240    00000040     DSP2833x_GlobalVariableDefs.obj (ECanbLAMRegsFile)

ECanbMboxesFile 
*          1    00006300    00000100     UNINITIALIZED
                  00006300    00000100     DSP2833x_GlobalVariableDefs.obj (ECanbMboxesFile)

EPwm1RegsFile 
*          1    00006800    00000022     UNINITIALIZED
                  00006800    00000022     DSP2833x_GlobalVariableDefs.obj (EPwm1RegsFile)

EPwm2RegsFile 
*          1    00006840    00000022     UNINITIALIZED
                  00006840    00000022     DSP2833x_GlobalVariableDefs.obj (EPwm2RegsFile)

EPwm3RegsFile 
*          1    00006880    00000022     UNINITIALIZED
                  00006880    00000022     DSP2833x_GlobalVariableDefs.obj (EPwm3RegsFile)

EPwm4RegsFile 
*          1    000068c0    00000022     UNINITIALIZED
                  000068c0    00000022     DSP2833x_GlobalVariableDefs.obj (EPwm4RegsFile)

EPwm5RegsFile 
*          1    00006900    00000022     UNINITIALIZED
                  00006900    00000022     DSP2833x_GlobalVariableDefs.obj (EPwm5RegsFile)

EPwm6RegsFile 
*          1    00006940    00000022     UNINITIALIZED
                  00006940    00000022     DSP2833x_GlobalVariableDefs.obj (EPwm6RegsFile)

ECap1RegsFile 
*          1    00006a00    00000020     UNINITIALIZED
                  00006a00    00000020     DSP2833x_GlobalVariableDefs.obj (ECap1RegsFile)

ECap2RegsFile 
*          1    00006a20    00000020     UNINITIALIZED
                  00006a20    00000020     DSP2833x_GlobalVariableDefs.obj (ECap2RegsFile)

ECap3RegsFile 
*          1    00006a40    00000020     UNINITIALIZED
                  00006a40    00000020     DSP2833x_GlobalVariableDefs.obj (ECap3RegsFile)

ECap4RegsFile 
*          1    00006a60    00000020     UNINITIALIZED
                  00006a60    00000020     DSP2833x_GlobalVariableDefs.obj (ECap4RegsFile)

ECap5RegsFile 
*          1    00006a80    00000020     UNINITIALIZED
                  00006a80    00000020     DSP2833x_GlobalVariableDefs.obj (ECap5RegsFile)

ECap6RegsFile 
*          1    00006aa0    00000020     UNINITIALIZED
                  00006aa0    00000020     DSP2833x_GlobalVariableDefs.obj (ECap6RegsFile)

EQep1RegsFile 
*          1    00006b00    00000040     UNINITIALIZED
                  00006b00    00000040     DSP2833x_GlobalVariableDefs.obj (EQep1RegsFile)

EQep2RegsFile 
*          1    00006b40    00000040     UNINITIALIZED
                  00006b40    00000040     DSP2833x_GlobalVariableDefs.obj (EQep2RegsFile)

GpioCtrlRegsFile 
*          1    00006f80    0000002e     UNINITIALIZED
                  00006f80    0000002e     DSP2833x_GlobalVariableDefs.obj (GpioCtrlRegsFile)

GpioDataRegsFile 
*          1    00006fc0    00000020     UNINITIALIZED
                  00006fc0    00000020     DSP2833x_GlobalVariableDefs.obj (GpioDataRegsFile)

GpioIntRegsFile 
*          1    00006fe0    0000000a     UNINITIALIZED
                  00006fe0    0000000a     DSP2833x_GlobalVariableDefs.obj (GpioIntRegsFile)

SysCtrlRegsFile 
*          1    00007010    00000020     UNINITIALIZED
                  00007010    00000020     DSP2833x_GlobalVariableDefs.obj (SysCtrlRegsFile)

SpiaRegsFile 
*          1    00007040    00000010     UNINITIALIZED
                  00007040    00000010     DSP2833x_GlobalVariableDefs.obj (SpiaRegsFile)

SciaRegsFile 
*          1    00007050    00000010     UNINITIALIZED
                  00007050    00000010     DSP2833x_GlobalVariableDefs.obj (SciaRegsFile)

XIntruptRegsFile 
*          1    00007070    00000010     UNINITIALIZED
                  00007070    00000010     DSP2833x_GlobalVariableDefs.obj (XIntruptRegsFile)

AdcRegsFile 
*          1    00007100    0000001e     UNINITIALIZED
                  00007100    0000001e     DSP2833x_GlobalVariableDefs.obj (AdcRegsFile)

ScibRegsFile 
*          1    00007750    00000010     UNINITIALIZED
                  00007750    00000010     DSP2833x_GlobalVariableDefs.obj (ScibRegsFile)

ScicRegsFile 
*          1    00007770    00000010     UNINITIALIZED
                  00007770    00000010     DSP2833x_GlobalVariableDefs.obj (ScicRegsFile)

I2caRegsFile 
*          1    00007900    00000022     UNINITIALIZED
                  00007900    00000022     DSP2833x_GlobalVariableDefs.obj (I2caRegsFile)

CsmPwlFile 
*          1    0033fff8    00000008     UNINITIALIZED
                  0033fff8    00000008     DSP2833x_GlobalVariableDefs.obj (CsmPwlFile)

PartIdRegsFile 
*          1    00380090    00000001     UNINITIALIZED
                  00380090    00000001     DSP2833x_GlobalVariableDefs.obj (PartIdRegsFile)

.text.1    0    00009000    00001000     
                  00009000    00000371     main.obj (.text:retain)
                  00009371    00000316     DSP2833x_DefaultIsr.obj (.text:retain)
                  00009687    00000248     DSP2833x_ECan.obj (.text)
                  000098cf    00000111     FEM_send_CAN.obj (.text)
                  000099e0    00000110     FEM_differential.obj (.text)
                  00009af0    000000fd     DSP2833x_SysCtrl.obj (.text)
                  00009bed    000000d4     FEM_steering.obj (.text)
                  00009cc1    000000c4     DSP2833x_ECap.obj (.text)
                  00009d85    00000091     FEM_safety.obj (.text)
                  00009e16    0000008a     FEM_speed.obj (.text)
                  00009ea0    00000088     rts2800_fpu32.lib : fs_div28.asm.obj (.text)
                  00009f28    00000079     DSP2833x_PieCtrl.obj (.text)
                  00009fa1    00000056     rts2800_fpu32.lib : boot28.asm.obj (.text)
                  00009ff7    00000009                       : _lock.c.obj (.text)

.text.2    0    0000a000    0000034c     
                  0000a000    00000066     main.obj (.text)
                  0000a066    00000061     rts2800_fpu32.lib : s_cosf.c.obj (.text)
                  0000a0c7    00000061                       : s_tanf.c.obj (.text)
                  0000a128    00000054     DSP2833x_CpuTimers.obj (.text)
                  0000a17c    00000043     DSP2833x_Adc.obj (.text)
                  0000a1bf    00000040     DSP2833x_Gpio.obj (.text)
                  0000a1ff    00000040     DSP2833x_Spi.obj (.text)
                  0000a23f    0000002f     FEM_pedal.obj (.text)
                  0000a26e    00000029     rts2800_fpu32.lib : exit.c.obj (.text)
                  0000a297    00000024                       : cpy_tbl.c.obj (.text)
                  0000a2bb    00000022                       : i_div28.asm.obj (.text)
                  0000a2dd    0000001e                       : memcpy.c.obj (.text)
                  0000a2fb    00000019                       : args_main.c.obj (.text)
                  0000a314    00000015     FEM_pedal.obj (.text:retain)
                  0000a329    00000011     DSP2833x_PieVect.obj (.text)
                  0000a33a    00000008     DSP2833x_CodeStartBranch.obj (.text)
                  0000a342    00000007     DSP2833x_DisInt.obj (.text)
                  0000a349    00000002     rts2800_fpu32.lib : pre_init.c.obj (.text)
                  0000a34b    00000001                       : startup.c.obj (.text)

MODULE SUMMARY

       Module                            code   initialized data   uninitialized data
       ------                            ----   ----------------   ------------------
    .\
       main.obj                          983    145                94                
    +--+---------------------------------+------+------------------+--------------------+
       Total:                            983    145                94                
                                                                                     
    .\source\
       DSP2833x_GlobalVariableDefs.obj   0      0                  2679              
       DSP2833x_DefaultIsr.obj           790    0                  0                 
       DSP2833x_ECan.obj                 584    0                  0                 
       DSP2833x_SysCtrl.obj              282    0                  0                 
       DSP2833x_PieVect.obj              17     256                0                 
       FEM_send_CAN.obj                  273    0                  0                 
       FEM_differential.obj              272    0                  0                 
       FEM_steering.obj                  212    12                 3                 
       DSP2833x_ECap.obj                 196    0                  0                 
       FEM_speed.obj                     138    35                 14                
       FEM_safety.obj                    145    12                 3                 
       DSP2833x_PieCtrl.obj              121    0                  0                 
       DSP2833x_CpuTimers.obj            84     0                  24                
       FEM_pedal.obj                     68     16                 4                 
       DSP2833x_Adc.obj                  67     0                  0                 
       DSP2833x_Gpio.obj                 64     0                  0                 
       DSP2833x_Spi.obj                  64     0                  0                 
       DSP2833x_CodeStartBranch.obj      10     0                  0                 
       DSP2833x_ADC_cal.obj              7      0                  0                 
       DSP2833x_DisInt.obj               7      0                  0                 
       DSP2833x_usDelay.obj              4      0                  0                 
    +--+---------------------------------+------+------------------+--------------------+
       Total:                            3405   331                2727              
                                                                                     
    C:\ti\ccsv8\tools\compiler\ti-cgt-c2000_18.1.2.LTS\lib\rts2800_fpu32.lib
       fs_div28.asm.obj                  136    0                  0                 
       s_cosf.c.obj                      97     0                  0                 
       s_tanf.c.obj                      97     0                  0                 
       boot28.asm.obj                    86     0                  0                 
       exit.c.obj                        41     14                 6                 
       cpy_tbl.c.obj                     36     0                  0                 
       i_div28.asm.obj                   34     0                  0                 
       memcpy.c.obj                      30     0                  0                 
       args_main.c.obj                   25     0                  0                 
       _lock.c.obj                       9      10                 4                 
       pre_init.c.obj                    2      0                  0                 
       startup.c.obj                     1      0                  0                 
    +--+---------------------------------+------+------------------+--------------------+
       Total:                            594    24                 10                
                                                                                     
       Stack:                            0      0                  1024              
    +--+---------------------------------+------+------------------+--------------------+
       Grand Total:                      4982   500                3855              


GLOBAL DATA SYMBOLS: SORTED BY DATA PAGE

address     data page           name
--------    ----------------    ----
00000400      10 (00000400)     __stack

00000880      22 (00000880)     _DevEmuRegs

00000a80      2a (00000a80)     _FlashRegs

00000ae0      2b (00000ac0)     _CsmRegs

00000b00      2c (00000b00)     _AdcMirror
00000b20      2c (00000b00)     _XintfRegs

00000c00      30 (00000c00)     _CpuTimer0Regs
00000c08      30 (00000c00)     _CpuTimer1Regs
00000c10      30 (00000c00)     _CpuTimer2Regs

00000ce0      33 (00000cc0)     _PieCtrlRegs

00000d00      34 (00000d00)     _PieVectTable

00001000      40 (00001000)     _DmaRegs

00005000     140 (00005000)     _McbspaRegs

00005040     141 (00005040)     _McbspbRegs

00006000     180 (00006000)     _ECanaRegs

00006040     181 (00006040)     _ECanaLAMRegs

00006080     182 (00006080)     _ECanaMOTSRegs

000060c0     183 (000060c0)     _ECanaMOTORegs

00006100     184 (00006100)     _ECanaMboxes

00006200     188 (00006200)     _ECanbRegs

00006240     189 (00006240)     _ECanbLAMRegs

00006280     18a (00006280)     _ECanbMOTSRegs

000062c0     18b (000062c0)     _ECanbMOTORegs

00006300     18c (00006300)     _ECanbMboxes

00006800     1a0 (00006800)     _EPwm1Regs

00006840     1a1 (00006840)     _EPwm2Regs

00006880     1a2 (00006880)     _EPwm3Regs

000068c0     1a3 (000068c0)     _EPwm4Regs

00006900     1a4 (00006900)     _EPwm5Regs

00006940     1a5 (00006940)     _EPwm6Regs

00006a00     1a8 (00006a00)     _ECap1Regs
00006a20     1a8 (00006a00)     _ECap2Regs

00006a40     1a9 (00006a40)     _ECap3Regs
00006a60     1a9 (00006a40)     _ECap4Regs

00006a80     1aa (00006a80)     _ECap5Regs
00006aa0     1aa (00006a80)     _ECap6Regs

00006b00     1ac (00006b00)     _EQep1Regs

00006b40     1ad (00006b40)     _EQep2Regs

00006f80     1be (00006f80)     _GpioCtrlRegs

00006fc0     1bf (00006fc0)     _GpioDataRegs
00006fe0     1bf (00006fc0)     _GpioIntRegs

00007010     1c0 (00007000)     _SysCtrlRegs

00007040     1c1 (00007040)     _SpiaRegs
00007050     1c1 (00007040)     _SciaRegs
00007070     1c1 (00007040)     _XIntruptRegs

00007100     1c4 (00007100)     _AdcRegs

00007750     1dd (00007740)     _ScibRegs
00007770     1dd (00007740)     _ScicRegs

00007900     1e4 (00007900)     _I2caRegs

0000c000     300 (0000c000)     _racelogic_time
0000c001     300 (0000c000)     _racelogic
0000c002     300 (0000c000)     _temp_right_motor
0000c003     300 (0000c000)     _temp_left_motor
0000c004     300 (0000c000)     _mb_temp
0000c005     300 (0000c000)     _max_alfa
0000c006     300 (0000c000)     _SteerOut
0000c007     300 (0000c000)     _t
0000c008     300 (0000c000)     _i
0000c009     300 (0000c000)     _PedalOut
0000c00a     300 (0000c000)     _alfa
0000c00b     300 (0000c000)     _send_motors
0000c00c     300 (0000c000)     _z
0000c00d     300 (0000c000)     _y
0000c00e     300 (0000c000)     _temp1
0000c00f     300 (0000c000)     _send_motors_min_1
0000c010     300 (0000c000)     _temp2
0000c011     300 (0000c000)     _countLF
0000c012     300 (0000c000)     _count
0000c013     300 (0000c000)     _countRF
0000c014     300 (0000c000)     _x
0000c015     300 (0000c000)     _odometer
0000c016     300 (0000c000)     _pol
0000c018     300 (0000c000)     _voltage_left_motor
0000c01a     300 (0000c000)     _curr_perc
0000c01c     300 (0000c000)     _current_left_motor
0000c01e     300 (0000c000)     _voltage_right_motor
0000c020     300 (0000c000)     _slip
0000c022     300 (0000c000)     _phase
0000c024     300 (0000c000)     _curr_phase
0000c026     300 (0000c000)     _max_slip
0000c028     300 (0000c000)     _perc_per_g
0000c02a     300 (0000c000)     _voltage_bms
0000c02c     300 (0000c000)     _current_right_motor
0000c02e     300 (0000c000)     _current_acc_cont
0000c030     300 (0000c000)     _current_bms

0000c040     301 (0000c040)     _mainPID
0000c05e     301 (0000c040)     _CpuTimer1
0000c066     301 (0000c040)     _CpuTimer2
0000c06e     301 (0000c040)     _CpuTimer0
0000c076     301 (0000c040)     ___TI_enable_exit_profile_output
0000c078     301 (0000c040)     ___TI_cleanup_ptr
0000c07a     301 (0000c040)     ___TI_dtors_ptr
0000c07c     301 (0000c040)     _minspeedf
0000c07d     301 (0000c040)     _minspeedr
0000c07e     301 (0000c040)     _can_pedal_rx_flag
0000c07f     301 (0000c040)     _n

0000c080     302 (0000c080)     _speedRR
0000c082     302 (0000c080)     _speedr
0000c084     302 (0000c080)     _speedLR
0000c086     302 (0000c080)     _speedLF
0000c088     302 (0000c080)     _speedRF
0000c08a     302 (0000c080)     _speedf
0000c08c     302 (0000c080)     _speed
0000c08e     302 (0000c080)     _error_code
0000c08f     302 (0000c080)     _flag
0000c090     302 (0000c080)     _err
0000c091     302 (0000c080)     _button_pressed_once
0000c092     302 (0000c080)     _sw_buttons
0000c093     302 (0000c080)     _mode
0000c094     302 (0000c080)     __lock
0000c096     302 (0000c080)     __unlock

0000d000     340 (0000d000)     _PieVectTableInit

0033fff8    cfff (0033ffc0)     _CsmPwl

00380090    e002 (00380080)     _PartIdRegs


GLOBAL SYMBOLS: SORTED ALPHABETICALLY BY Name 

page  address   name                            
----  -------   ----                            
abs   ffffffff  .text                           
0     0000a26e  C$$EXIT                         
0     00009ea0  FS$$DIV                         
0     0000a2bb  I$$DIV                          
0     0000a2cc  I$$MOD                          
0     0000967d  _ADCINT_ISR                     
0     00380080  _ADC_cal                        
1     00000b00  _AdcMirror                      
1     00007100  _AdcRegs                        
0     0000a15b  _ConfigCpuTimer                 
1     0000c06e  _CpuTimer0                      
1     00000c00  _CpuTimer0Regs                  
1     0000c05e  _CpuTimer1                      
1     00000c08  _CpuTimer1Regs                  
1     0000c066  _CpuTimer2                      
1     00000c10  _CpuTimer2Regs                  
1     0033fff8  _CsmPwl                         
1     00000ae0  _CsmRegs                        
0     00009bbf  _CsmUnlock                      
0     00009673  _DATALOG_ISR                    
0     00009669  _DINTCH1_ISR                    
0     0000965f  _DINTCH2_ISR                    
0     00009655  _DINTCH3_ISR                    
0     0000964b  _DINTCH4_ISR                    
0     00009641  _DINTCH5_ISR                    
0     00009637  _DINTCH6_ISR                    
0     0000a342  _DSP28x_DisableInt              
0     0000a346  _DSP28x_RestoreInt              
0     00008113  _DSP28x_usDelay                 
1     00000880  _DevEmuRegs                     
0     00009afa  _DisableDog                     
1     00001000  _DmaRegs                        
0     0000962d  _ECAN0INTA_ISR                  
0     00009623  _ECAN0INTB_ISR                  
0     00009619  _ECAN1INTA_ISR                  
0     0000960f  _ECAN1INTB_ISR                  
0     00009605  _ECAP1_INT_ISR                  
0     000095fb  _ECAP2_INT_ISR                  
0     000095f1  _ECAP3_INT_ISR                  
0     000095e7  _ECAP4_INT_ISR                  
0     000095dd  _ECAP5_INT_ISR                  
0     000095d3  _ECAP6_INT_ISR                  
1     00006040  _ECanaLAMRegs                   
1     000060c0  _ECanaMOTORegs                  
1     00006080  _ECanaMOTSRegs                  
1     00006100  _ECanaMboxes                    
1     00006000  _ECanaRegs                      
1     00006240  _ECanbLAMRegs                   
1     000062c0  _ECanbMOTORegs                  
1     00006280  _ECanbMOTSRegs                  
1     00006300  _ECanbMboxes                    
1     00006200  _ECanbRegs                      
1     00006a00  _ECap1Regs                      
1     00006a20  _ECap2Regs                      
1     00006a40  _ECap3Regs                      
1     00006a60  _ECap4Regs                      
1     00006a80  _ECap5Regs                      
1     00006aa0  _ECap6Regs                      
0     000095c9  _EMUINT_ISR                     
0     000095bf  _EPWM1_INT_ISR                  
0     000095b5  _EPWM1_TZINT_ISR                
0     000095ab  _EPWM2_INT_ISR                  
0     000095a1  _EPWM2_TZINT_ISR                
0     00009597  _EPWM3_INT_ISR                  
0     0000958d  _EPWM3_TZINT_ISR                
0     00009583  _EPWM4_INT_ISR                  
0     00009579  _EPWM4_TZINT_ISR                
0     0000956f  _EPWM5_INT_ISR                  
0     00009565  _EPWM5_TZINT_ISR                
0     0000955b  _EPWM6_INT_ISR                  
0     00009551  _EPWM6_TZINT_ISR                
1     00006800  _EPwm1Regs                      
1     00006840  _EPwm2Regs                      
1     00006880  _EPwm3Regs                      
1     000068c0  _EPwm4Regs                      
1     00006900  _EPwm5Regs                      
1     00006940  _EPwm6Regs                      
0     00009547  _EQEP1_INT_ISR                  
0     0000953d  _EQEP2_INT_ISR                  
1     00006b00  _EQep1Regs                      
1     00006b40  _EQep2Regs                      
0     00009f98  _EnableInterrupts               
1     00000a80  _FlashRegs                      
1     00006f80  _GpioCtrlRegs                   
1     00006fc0  _GpioDataRegs                   
1     00006fe0  _GpioIntRegs                    
0     00009533  _I2CINT1A_ISR                   
0     00009529  _I2CINT2A_ISR                   
1     00007900  _I2caRegs                       
0     0000951f  _ILLEGAL_ISR                    
0     00009515  _INT13_ISR                      
0     0000950b  _INT14_ISR                      
0     0000a185  _InitAdc                        
0     0000a128  _InitCpuTimers                  
0     0000969d  _InitECan                       
0     00009687  _InitECanGpio                   
0     00009855  _InitECana                      
0     0000983a  _InitECanaGpio                  
0     0000969d  _InitECanb                      
0     00009687  _InitECanbGpio                  
0     00009d02  _InitECap                       
0     00009cc1  _InitECap1Gpio                  
0     00009ccf  _InitECap2Gpio                  
0     00009cdd  _InitECap3Gpio                  
0     00009ceb  _InitECap4Gpio                  
0     00009cf9  _InitECapGpio                   
0     000080f6  _InitFlash                      
0     0000a1bf  _InitGpio                       
0     00009b50  _InitPeripheralClocks           
0     00009f79  _InitPieCtrl                    
0     0000a329  _InitPieVectTable               
0     00009b02  _InitPll                        
0     0000a22d  _InitSpi                        
0     0000a1ff  _InitSpiGpio                    
0     0000a1ff  _InitSpiaGpio                   
0     00009bb6  _InitSysCtrl                    
0     00009f28  _InitXIntrupt                   
0     00009501  _LUF_ISR                        
0     000094f7  _LVF_ISR                        
0     000094ed  _MRINTA_ISR                     
0     000094e3  _MRINTB_ISR                     
0     000094d9  _MXINTA_ISR                     
0     000094cf  _MXINTB_ISR                     
1     00005000  _McbspaRegs                     
1     00005040  _McbspbRegs                     
0     000094c5  _NMI_ISR                        
0     000094bb  _PIE_RESERVED                   
1     00380090  _PartIdRegs                     
1     0000c009  _PedalOut                       
1     00000ce0  _PieCtrlRegs                    
1     00000d00  _PieVectTable                   
1     0000d000  _PieVectTableInit               
0     000094b1  _RTOSINT_ISR                    
0     000094a7  _SCIRXINTA_ISR                  
0     0000949d  _SCIRXINTB_ISR                  
0     00009493  _SCIRXINTC_ISR                  
0     00009489  _SCITXINTA_ISR                  
0     0000947f  _SCITXINTB_ISR                  
0     00009475  _SCITXINTC_ISR                  
0     0000946b  _SEQ1INT_ISR                    
0     00009461  _SEQ2INT_ISR                    
0     00009457  _SPIRXINTA_ISR                  
0     0000944d  _SPITXINTA_ISR                  
1     00007050  _SciaRegs                       
1     00007750  _ScibRegs                       
1     00007770  _ScicRegs                       
0     00009af0  _ServiceDog                     
1     00007040  _SpiaRegs                       
1     0000c006  _SteerOut                       
1     00007010  _SysCtrlRegs                    
0     00009443  _TINT0_ISR                      
0     00009439  _USER10_ISR                     
0     0000942f  _USER11_ISR                     
0     00009425  _USER12_ISR                     
0     0000941b  _USER1_ISR                      
0     00009411  _USER2_ISR                      
0     00009407  _USER3_ISR                      
0     000093fd  _USER4_ISR                      
0     000093f3  _USER5_ISR                      
0     000093e9  _USER6_ISR                      
0     000093df  _USER7_ISR                      
0     000093d5  _USER8_ISR                      
0     000093cb  _USER9_ISR                      
0     000093c1  _WAKEINT_ISR                    
0     000093b7  _XINT1_ISR                      
0     000093ad  _XINT2_ISR                      
0     000093a3  _XINT3_ISR                      
0     00009399  _XINT4_ISR                      
0     0000938f  _XINT5_ISR                      
0     00009385  _XINT6_ISR                      
0     0000937b  _XINT7_ISR                      
1     00007070  _XIntruptRegs                   
1     00000b20  _XintfRegs                      
1     00000800  __STACK_END                     
abs   00000400  __STACK_SIZE                    
1     0000c078  ___TI_cleanup_ptr               
1     0000c07a  ___TI_dtors_ptr                 
1     0000c076  ___TI_enable_exit_profile_output
abs   ffffffff  ___TI_pprof_out_hndl            
abs   ffffffff  ___TI_prof_data_size            
abs   ffffffff  ___TI_prof_data_start           
abs   ffffffff  ___binit__                      
abs   ffffffff  ___c_args__                     
0     00008000  ___cinit__                      
abs   ffffffff  ___etext__                      
abs   ffffffff  ___pinit__                      
abs   ffffffff  ___text__                       
0     0000a2fb  __args_main                     
1     0000c094  __lock                          
0     00009fff  __nop                           
0     00009ffb  __register_lock                 
0     00009ff7  __register_unlock               
1     00000400  __stack                         
0     0000a34b  __system_post_cinit             
0     0000a349  __system_pre_init               
1     0000c096  __unlock                        
0     0000a26e  _abort                          
1     0000c00a  _alfa                           
0     00009dfd  _bspd                           
1     0000c091  _button_pressed_once            
0     00009fa1  _c_int00                        
0     0000a23f  _calc_PedalOut                  
0     00009e16  _calc_speed                     
0     00009cb1  _calc_steer_wheel_spi           
0     0000a314  _can_int_isr                    
1     0000c07e  _can_pedal_rx_flag              
0     0000a297  _copy_in                        
0     0000a066  _cos                            
0     0000a066  _cosf                           
1     0000c012  _count                          
1     0000c011  _countLF                        
1     0000c013  _countRF                        
1     0000c01a  _curr_perc                      
1     0000c024  _curr_phase                     
1     0000c02e  _current_acc_cont               
1     0000c030  _current_bms                    
1     0000c01c  _current_left_motor             
1     0000c02c  _current_right_motor            
0     00009a68  _differential_l                 
0     000099e0  _differential_r                 
0     00009355  _ecap3_int_isr__Fv              
0     00009339  _ecap4_int_isr                  
1     0000c090  _err                            
1     0000c08e  _error_code                     
0     0000a270  _exit                           
1     0000c08f  _flag                           
1     0000c008  _i                              
0     0000a000  _main                           
1     0000c040  _mainPID                        
0     00009000  _main_timer_isr                 
1     0000c005  _max_alfa                       
1     0000c026  _max_slip                       
1     0000c004  _mb_temp                        
0     0000a2dd  _memcpy                         
1     0000c07c  _minspeedf                      
1     0000c07d  _minspeedr                      
1     0000c093  _mode                           
1     0000c07f  _n                              
1     0000c015  _odometer                       
1     0000c028  _perc_per_g                     
1     0000c022  _phase                          
1     0000c016  _pol                            
1     0000c001  _racelogic                      
1     0000c000  _racelogic_time                 
0     0000a17c  _read_ADC                       
0     00009371  _rsvd_ISR                       
0     00009d9e  _rtd                            
0     00009d85  _rtds                           
0     0000994d  _send_CAN_datalogger            
0     00009919  _send_CAN_motors                
0     000098fc  _send_CAN_priborka              
0     000098e4  _send_CAN_steer                 
0     000098cf  _send_CAN_sync_message          
1     0000c00b  _send_motors                    
1     0000c00f  _send_motors_min_1              
0     00009de9  _shutdown_detect                
1     0000c020  _slip                           
1     0000c08c  _speed                          
1     0000c086  _speedLF                        
1     0000c084  _speedLR                        
1     0000c088  _speedRF                        
1     0000c080  _speedRR                        
1     0000c08a  _speedf                         
1     0000c082  _speedr                         
0     00009cad  _spi_xmit__FUi                  
0     00009bed  _steering_buttons               
0     00009ddb  _stop_light                     
1     0000c092  _sw_buttons                     
1     0000c007  _t                              
0     0000a0c7  _tan                            
0     0000a0c7  _tanf                           
1     0000c00e  _temp1                          
1     0000c010  _temp2                          
1     0000c003  _temp_left_motor                
1     0000c002  _temp_right_motor               
0     00009dd1  _turnoffmf                      
1     0000c02a  _voltage_bms                    
1     0000c018  _voltage_left_motor             
1     0000c01e  _voltage_right_motor            
1     0000c014  _x                              
1     0000c00d  _y                              
1     0000c00c  _z                              
abs   ffffffff  binit                           
0     00008000  cinit                           
0     00000000  code_start                      
abs   ffffffff  etext                           
abs   ffffffff  pinit                           


GLOBAL SYMBOLS: SORTED BY Symbol Address 

page  address   name                            
----  -------   ----                            
0     00000000  code_start                      
0     00008000  ___cinit__                      
0     00008000  cinit                           
0     000080f6  _InitFlash                      
0     00008113  _DSP28x_usDelay                 
0     00009000  _main_timer_isr                 
0     00009339  _ecap4_int_isr                  
0     00009355  _ecap3_int_isr__Fv              
0     00009371  _rsvd_ISR                       
0     0000937b  _XINT7_ISR                      
0     00009385  _XINT6_ISR                      
0     0000938f  _XINT5_ISR                      
0     00009399  _XINT4_ISR                      
0     000093a3  _XINT3_ISR                      
0     000093ad  _XINT2_ISR                      
0     000093b7  _XINT1_ISR                      
0     000093c1  _WAKEINT_ISR                    
0     000093cb  _USER9_ISR                      
0     000093d5  _USER8_ISR                      
0     000093df  _USER7_ISR                      
0     000093e9  _USER6_ISR                      
0     000093f3  _USER5_ISR                      
0     000093fd  _USER4_ISR                      
0     00009407  _USER3_ISR                      
0     00009411  _USER2_ISR                      
0     0000941b  _USER1_ISR                      
0     00009425  _USER12_ISR                     
0     0000942f  _USER11_ISR                     
0     00009439  _USER10_ISR                     
0     00009443  _TINT0_ISR                      
0     0000944d  _SPITXINTA_ISR                  
0     00009457  _SPIRXINTA_ISR                  
0     00009461  _SEQ2INT_ISR                    
0     0000946b  _SEQ1INT_ISR                    
0     00009475  _SCITXINTC_ISR                  
0     0000947f  _SCITXINTB_ISR                  
0     00009489  _SCITXINTA_ISR                  
0     00009493  _SCIRXINTC_ISR                  
0     0000949d  _SCIRXINTB_ISR                  
0     000094a7  _SCIRXINTA_ISR                  
0     000094b1  _RTOSINT_ISR                    
0     000094bb  _PIE_RESERVED                   
0     000094c5  _NMI_ISR                        
0     000094cf  _MXINTB_ISR                     
0     000094d9  _MXINTA_ISR                     
0     000094e3  _MRINTB_ISR                     
0     000094ed  _MRINTA_ISR                     
0     000094f7  _LVF_ISR                        
0     00009501  _LUF_ISR                        
0     0000950b  _INT14_ISR                      
0     00009515  _INT13_ISR                      
0     0000951f  _ILLEGAL_ISR                    
0     00009529  _I2CINT2A_ISR                   
0     00009533  _I2CINT1A_ISR                   
0     0000953d  _EQEP2_INT_ISR                  
0     00009547  _EQEP1_INT_ISR                  
0     00009551  _EPWM6_TZINT_ISR                
0     0000955b  _EPWM6_INT_ISR                  
0     00009565  _EPWM5_TZINT_ISR                
0     0000956f  _EPWM5_INT_ISR                  
0     00009579  _EPWM4_TZINT_ISR                
0     00009583  _EPWM4_INT_ISR                  
0     0000958d  _EPWM3_TZINT_ISR                
0     00009597  _EPWM3_INT_ISR                  
0     000095a1  _EPWM2_TZINT_ISR                
0     000095ab  _EPWM2_INT_ISR                  
0     000095b5  _EPWM1_TZINT_ISR                
0     000095bf  _EPWM1_INT_ISR                  
0     000095c9  _EMUINT_ISR                     
0     000095d3  _ECAP6_INT_ISR                  
0     000095dd  _ECAP5_INT_ISR                  
0     000095e7  _ECAP4_INT_ISR                  
0     000095f1  _ECAP3_INT_ISR                  
0     000095fb  _ECAP2_INT_ISR                  
0     00009605  _ECAP1_INT_ISR                  
0     0000960f  _ECAN1INTB_ISR                  
0     00009619  _ECAN1INTA_ISR                  
0     00009623  _ECAN0INTB_ISR                  
0     0000962d  _ECAN0INTA_ISR                  
0     00009637  _DINTCH6_ISR                    
0     00009641  _DINTCH5_ISR                    
0     0000964b  _DINTCH4_ISR                    
0     00009655  _DINTCH3_ISR                    
0     0000965f  _DINTCH2_ISR                    
0     00009669  _DINTCH1_ISR                    
0     00009673  _DATALOG_ISR                    
0     0000967d  _ADCINT_ISR                     
0     00009687  _InitECanGpio                   
0     00009687  _InitECanbGpio                  
0     0000969d  _InitECan                       
0     0000969d  _InitECanb                      
0     0000983a  _InitECanaGpio                  
0     00009855  _InitECana                      
0     000098cf  _send_CAN_sync_message          
0     000098e4  _send_CAN_steer                 
0     000098fc  _send_CAN_priborka              
0     00009919  _send_CAN_motors                
0     0000994d  _send_CAN_datalogger            
0     000099e0  _differential_r                 
0     00009a68  _differential_l                 
0     00009af0  _ServiceDog                     
0     00009afa  _DisableDog                     
0     00009b02  _InitPll                        
0     00009b50  _InitPeripheralClocks           
0     00009bb6  _InitSysCtrl                    
0     00009bbf  _CsmUnlock                      
0     00009bed  _steering_buttons               
0     00009cad  _spi_xmit__FUi                  
0     00009cb1  _calc_steer_wheel_spi           
0     00009cc1  _InitECap1Gpio                  
0     00009ccf  _InitECap2Gpio                  
0     00009cdd  _InitECap3Gpio                  
0     00009ceb  _InitECap4Gpio                  
0     00009cf9  _InitECapGpio                   
0     00009d02  _InitECap                       
0     00009d85  _rtds                           
0     00009d9e  _rtd                            
0     00009dd1  _turnoffmf                      
0     00009ddb  _stop_light                     
0     00009de9  _shutdown_detect                
0     00009dfd  _bspd                           
0     00009e16  _calc_speed                     
0     00009ea0  FS$$DIV                         
0     00009f28  _InitXIntrupt                   
0     00009f79  _InitPieCtrl                    
0     00009f98  _EnableInterrupts               
0     00009fa1  _c_int00                        
0     00009ff7  __register_unlock               
0     00009ffb  __register_lock                 
0     00009fff  __nop                           
0     0000a000  _main                           
0     0000a066  _cos                            
0     0000a066  _cosf                           
0     0000a0c7  _tan                            
0     0000a0c7  _tanf                           
0     0000a128  _InitCpuTimers                  
0     0000a15b  _ConfigCpuTimer                 
0     0000a17c  _read_ADC                       
0     0000a185  _InitAdc                        
0     0000a1bf  _InitGpio                       
0     0000a1ff  _InitSpiGpio                    
0     0000a1ff  _InitSpiaGpio                   
0     0000a22d  _InitSpi                        
0     0000a23f  _calc_PedalOut                  
0     0000a26e  C$$EXIT                         
0     0000a26e  _abort                          
0     0000a270  _exit                           
0     0000a297  _copy_in                        
0     0000a2bb  I$$DIV                          
0     0000a2cc  I$$MOD                          
0     0000a2dd  _memcpy                         
0     0000a2fb  __args_main                     
0     0000a314  _can_int_isr                    
0     0000a329  _InitPieVectTable               
0     0000a342  _DSP28x_DisableInt              
0     0000a346  _DSP28x_RestoreInt              
0     0000a349  __system_pre_init               
0     0000a34b  __system_post_cinit             
0     00380080  _ADC_cal                        
1     00000400  __stack                         
1     00000800  __STACK_END                     
1     00000880  _DevEmuRegs                     
1     00000a80  _FlashRegs                      
1     00000ae0  _CsmRegs                        
1     00000b00  _AdcMirror                      
1     00000b20  _XintfRegs                      
1     00000c00  _CpuTimer0Regs                  
1     00000c08  _CpuTimer1Regs                  
1     00000c10  _CpuTimer2Regs                  
1     00000ce0  _PieCtrlRegs                    
1     00000d00  _PieVectTable                   
1     00001000  _DmaRegs                        
1     00005000  _McbspaRegs                     
1     00005040  _McbspbRegs                     
1     00006000  _ECanaRegs                      
1     00006040  _ECanaLAMRegs                   
1     00006080  _ECanaMOTSRegs                  
1     000060c0  _ECanaMOTORegs                  
1     00006100  _ECanaMboxes                    
1     00006200  _ECanbRegs                      
1     00006240  _ECanbLAMRegs                   
1     00006280  _ECanbMOTSRegs                  
1     000062c0  _ECanbMOTORegs                  
1     00006300  _ECanbMboxes                    
1     00006800  _EPwm1Regs                      
1     00006840  _EPwm2Regs                      
1     00006880  _EPwm3Regs                      
1     000068c0  _EPwm4Regs                      
1     00006900  _EPwm5Regs                      
1     00006940  _EPwm6Regs                      
1     00006a00  _ECap1Regs                      
1     00006a20  _ECap2Regs                      
1     00006a40  _ECap3Regs                      
1     00006a60  _ECap4Regs                      
1     00006a80  _ECap5Regs                      
1     00006aa0  _ECap6Regs                      
1     00006b00  _EQep1Regs                      
1     00006b40  _EQep2Regs                      
1     00006f80  _GpioCtrlRegs                   
1     00006fc0  _GpioDataRegs                   
1     00006fe0  _GpioIntRegs                    
1     00007010  _SysCtrlRegs                    
1     00007040  _SpiaRegs                       
1     00007050  _SciaRegs                       
1     00007070  _XIntruptRegs                   
1     00007100  _AdcRegs                        
1     00007750  _ScibRegs                       
1     00007770  _ScicRegs                       
1     00007900  _I2caRegs                       
1     0000c000  _racelogic_time                 
1     0000c001  _racelogic                      
1     0000c002  _temp_right_motor               
1     0000c003  _temp_left_motor                
1     0000c004  _mb_temp                        
1     0000c005  _max_alfa                       
1     0000c006  _SteerOut                       
1     0000c007  _t                              
1     0000c008  _i                              
1     0000c009  _PedalOut                       
1     0000c00a  _alfa                           
1     0000c00b  _send_motors                    
1     0000c00c  _z                              
1     0000c00d  _y                              
1     0000c00e  _temp1                          
1     0000c00f  _send_motors_min_1              
1     0000c010  _temp2                          
1     0000c011  _countLF                        
1     0000c012  _count                          
1     0000c013  _countRF                        
1     0000c014  _x                              
1     0000c015  _odometer                       
1     0000c016  _pol                            
1     0000c018  _voltage_left_motor             
1     0000c01a  _curr_perc                      
1     0000c01c  _current_left_motor             
1     0000c01e  _voltage_right_motor            
1     0000c020  _slip                           
1     0000c022  _phase                          
1     0000c024  _curr_phase                     
1     0000c026  _max_slip                       
1     0000c028  _perc_per_g                     
1     0000c02a  _voltage_bms                    
1     0000c02c  _current_right_motor            
1     0000c02e  _current_acc_cont               
1     0000c030  _current_bms                    
1     0000c040  _mainPID                        
1     0000c05e  _CpuTimer1                      
1     0000c066  _CpuTimer2                      
1     0000c06e  _CpuTimer0                      
1     0000c076  ___TI_enable_exit_profile_output
1     0000c078  ___TI_cleanup_ptr               
1     0000c07a  ___TI_dtors_ptr                 
1     0000c07c  _minspeedf                      
1     0000c07d  _minspeedr                      
1     0000c07e  _can_pedal_rx_flag              
1     0000c07f  _n                              
1     0000c080  _speedRR                        
1     0000c082  _speedr                         
1     0000c084  _speedLR                        
1     0000c086  _speedLF                        
1     0000c088  _speedRF                        
1     0000c08a  _speedf                         
1     0000c08c  _speed                          
1     0000c08e  _error_code                     
1     0000c08f  _flag                           
1     0000c090  _err                            
1     0000c091  _button_pressed_once            
1     0000c092  _sw_buttons                     
1     0000c093  _mode                           
1     0000c094  __lock                          
1     0000c096  __unlock                        
1     0000d000  _PieVectTableInit               
1     0033fff8  _CsmPwl                         
1     00380090  _PartIdRegs                     
abs   00000400  __STACK_SIZE                    
abs   ffffffff  .text                           
abs   ffffffff  ___TI_pprof_out_hndl            
abs   ffffffff  ___TI_prof_data_size            
abs   ffffffff  ___TI_prof_data_start           
abs   ffffffff  ___binit__                      
abs   ffffffff  ___c_args__                     
abs   ffffffff  ___etext__                      
abs   ffffffff  ___pinit__                      
abs   ffffffff  ___text__                       
abs   ffffffff  binit                           
abs   ffffffff  etext                           
abs   ffffffff  pinit                           

[287 symbols]
