******************************************************************************
             TMS320C2000 Linker PC v18.1.2                     
******************************************************************************
>> Linked Wed May 22 21:43:23 2019

OUTPUT FILE NAME:   <FEM3.out>
ENTRY POINT SYMBOL: "_c_int00"  address: 0000a1a1


MEMORY CONFIGURATION

         name            origin    length      used     unused   attr    fill
----------------------  --------  ---------  --------  --------  ----  --------
PAGE 0:
  BEGIN                 00000000   00000002  00000002  00000000  RWIX
  RAMM0                 00000050   000003b0  00000000  000003b0  RWIX
  RAML0                 00008000   00001000  00000137  00000ec9  RWIX
  RAML1                 00009000   00001000  00001000  00000000  RWIX
  RAML2                 0000a000   00001000  000003e5  00000c1b  RWIX
  RAML3                 0000b000   00001000  00000000  00001000  RWIX
  ZONE7A                00200000   0000fc00  00000000  0000fc00  RWIX
  CSM_RSVD              0033ff80   00000076  00000000  00000076  RWIX
  CSM_PWL               0033fff8   00000008  00000000  00000008  RWIX
  ADC_CAL               00380080   00000009  00000007  00000002  RWIX
  IQTABLES              003fe000   00000b50  00000000  00000b50  RWIX
  IQTABLES2             003feb50   0000008c  00000000  0000008c  RWIX
  FPUTABLES             003febdc   000006a0  00000000  000006a0  RWIX
  BOOTROM               003ff27c   00000d44  00000000  00000d44  RWIX
  RESET                 003fffc0   00000002  00000000  00000002  RWIX

PAGE 1:
  BOOT_RSVD             00000002   0000004e  00000000  0000004e  RWIX
  RAMM1                 00000400   00000400  00000400  00000000  RWIX
  DEV_EMU               00000880   00000180  000000d0  000000b0  RWIX
  FLASH_REGS            00000a80   00000060  00000008  00000058  RWIX
  CSM                   00000ae0   00000010  00000010  00000000  RWIX
  ADC_MIRROR            00000b00   00000010  00000010  00000000  RWIX
  XINTF                 00000b20   00000020  0000001e  00000002  RWIX
  CPU_TIMER0            00000c00   00000008  00000008  00000000  RWIX
  CPU_TIMER1            00000c08   00000008  00000008  00000000  RWIX
  CPU_TIMER2            00000c10   00000008  00000008  00000000  RWIX
  PIE_CTRL              00000ce0   00000020  0000001a  00000006  RWIX
  PIE_VECT              00000d00   00000100  00000100  00000000  RWIX
  DMA                   00001000   00000200  000000e0  00000120  RWIX
  MCBSPA                00005000   00000040  00000025  0000001b  RWIX
  MCBSPB                00005040   00000040  00000025  0000001b  RWIX
  ECANA                 00006000   00000040  00000034  0000000c  RWIX
  ECANA_LAM             00006040   00000040  00000040  00000000  RWIX
  ECANA_MOTS            00006080   00000040  00000040  00000000  RWIX
  ECANA_MOTO            000060c0   00000040  00000040  00000000  RWIX
  ECANA_MBOX            00006100   00000100  00000100  00000000  RWIX
  ECANB                 00006200   00000040  00000034  0000000c  RWIX
  ECANB_LAM             00006240   00000040  00000040  00000000  RWIX
  ECANB_MOTS            00006280   00000040  00000040  00000000  RWIX
  ECANB_MOTO            000062c0   00000040  00000040  00000000  RWIX
  ECANB_MBOX            00006300   00000100  00000100  00000000  RWIX
  EPWM1                 00006800   00000022  00000022  00000000  RWIX
  EPWM2                 00006840   00000022  00000022  00000000  RWIX
  EPWM3                 00006880   00000022  00000022  00000000  RWIX
  EPWM4                 000068c0   00000022  00000022  00000000  RWIX
  EPWM5                 00006900   00000022  00000022  00000000  RWIX
  EPWM6                 00006940   00000022  00000022  00000000  RWIX
  ECAP1                 00006a00   00000020  00000020  00000000  RWIX
  ECAP2                 00006a20   00000020  00000020  00000000  RWIX
  ECAP3                 00006a40   00000020  00000020  00000000  RWIX
  ECAP4                 00006a60   00000020  00000020  00000000  RWIX
  ECAP5                 00006a80   00000020  00000020  00000000  RWIX
  ECAP6                 00006aa0   00000020  00000020  00000000  RWIX
  EQEP1                 00006b00   00000040  00000040  00000000  RWIX
  EQEP2                 00006b40   00000040  00000040  00000000  RWIX
  GPIOCTRL              00006f80   00000040  0000002e  00000012  RWIX
  GPIODAT               00006fc0   00000020  00000020  00000000  RWIX
  GPIOINT               00006fe0   00000020  0000000a  00000016  RWIX
  SYSTEM                00007010   00000020  00000020  00000000  RWIX
  SPIA                  00007040   00000010  00000010  00000000  RWIX
  SCIA                  00007050   00000010  00000010  00000000  RWIX
  XINTRUPT              00007070   00000010  00000010  00000000  RWIX
  ADC                   00007100   00000020  0000001e  00000002  RWIX
  SCIB                  00007750   00000010  00000010  00000000  RWIX
  SCIC                  00007770   00000010  00000010  00000000  RWIX
  I2CA                  00007900   00000040  00000022  0000001e  RWIX
  RAML4                 0000c000   00001000  00000086  00000f7a  RWIX
  RAML5                 0000d000   00001000  00000100  00000f00  RWIX
  RAML6                 0000e000   00001000  00000000  00001000  RWIX
  RAML7                 0000f000   00001000  00000000  00001000  RWIX
  ZONE7B                0020fc00   00000400  00000000  00000400  RWIX
  CSM_PWL               0033fff8   00000008  00000008  00000000  RWIX
  PARTID                00380090   00000001  00000001  00000000  RWIX


SECTION ALLOCATION MAP

 output                                  attributes/
section   page    origin      length       input sections
--------  ----  ----------  ----------   ----------------
codestart 
*          0    00000000    00000002     
                  00000000    00000002     DSP2833x_CodeStartBranch.obj (codestart)

ramfuncs   0    00008116    00000021     
                  00008116    0000001d     DSP2833x_SysCtrl.obj (ramfuncs)
                  00008133    00000004     DSP2833x_usDelay.obj (ramfuncs)

.cinit     0    00008000    00000116     
                  00008000    000000ab     main.obj (.cinit)
                  000080ab    0000002d     FEM_speed.obj (.cinit)
                  000080d8    00000010     FEM_pedal.obj (.cinit)
                  000080e8    0000000e     rts2800_fpu32.lib : exit.c.obj (.cinit)
                  000080f6    0000000c     FEM_safety.obj (.cinit)
                  00008102    00000008     FEM_steering.obj (.cinit)
                  0000810a    00000005     rts2800_fpu32.lib : _lock.c.obj (.cinit:__lock)
                  0000810f    00000005                       : _lock.c.obj (.cinit:__unlock)
                  00008114    00000002     --HOLE-- [fill = 0]

.pinit     0    00008000    00000000     UNINITIALIZED

.stack     1    00000400    00000400     UNINITIALIZED
                  00000400    00000400     --HOLE--

DevEmuRegsFile 
*          1    00000880    000000d0     UNINITIALIZED
                  00000880    000000d0     DSP2833x_GlobalVariableDefs.obj (DevEmuRegsFile)

FlashRegsFile 
*          1    00000a80    00000008     UNINITIALIZED
                  00000a80    00000008     DSP2833x_GlobalVariableDefs.obj (FlashRegsFile)

CsmRegsFile 
*          1    00000ae0    00000010     UNINITIALIZED
                  00000ae0    00000010     DSP2833x_GlobalVariableDefs.obj (CsmRegsFile)

AdcMirrorFile 
*          1    00000b00    00000010     UNINITIALIZED
                  00000b00    00000010     DSP2833x_GlobalVariableDefs.obj (AdcMirrorFile)

XintfRegsFile 
*          1    00000b20    0000001e     UNINITIALIZED
                  00000b20    0000001e     DSP2833x_GlobalVariableDefs.obj (XintfRegsFile)

CpuTimer0RegsFile 
*          1    00000c00    00000008     UNINITIALIZED
                  00000c00    00000008     DSP2833x_GlobalVariableDefs.obj (CpuTimer0RegsFile)

CpuTimer1RegsFile 
*          1    00000c08    00000008     UNINITIALIZED
                  00000c08    00000008     DSP2833x_GlobalVariableDefs.obj (CpuTimer1RegsFile)

CpuTimer2RegsFile 
*          1    00000c10    00000008     UNINITIALIZED
                  00000c10    00000008     DSP2833x_GlobalVariableDefs.obj (CpuTimer2RegsFile)

PieCtrlRegsFile 
*          1    00000ce0    0000001a     UNINITIALIZED
                  00000ce0    0000001a     DSP2833x_GlobalVariableDefs.obj (PieCtrlRegsFile)

ECanaMOTSRegsFile 
*          1    00006080    00000040     UNINITIALIZED
                  00006080    00000040     DSP2833x_GlobalVariableDefs.obj (ECanaMOTSRegsFile)

ECanaMOTORegsFile 
*          1    000060c0    00000040     UNINITIALIZED
                  000060c0    00000040     DSP2833x_GlobalVariableDefs.obj (ECanaMOTORegsFile)

ECanbMOTSRegsFile 
*          1    00006280    00000040     UNINITIALIZED
                  00006280    00000040     DSP2833x_GlobalVariableDefs.obj (ECanbMOTSRegsFile)

ECanbMOTORegsFile 
*          1    000062c0    00000040     UNINITIALIZED
                  000062c0    00000040     DSP2833x_GlobalVariableDefs.obj (ECanbMOTORegsFile)

.ebss      1    0000c000    00000086     UNINITIALIZED
                  0000c000    00000048     main.obj (.ebss)
                  0000c048    00000018     DSP2833x_CpuTimers.obj (.ebss)
                  0000c060    00000012     FEM_speed.obj (.ebss)
                  0000c072    00000006     rts2800_fpu32.lib : exit.c.obj (.ebss)
                  0000c078    00000004     FEM_pedal.obj (.ebss)
                  0000c07c    00000003     FEM_safety.obj (.ebss)
                  0000c07f    00000001     --HOLE--
                  0000c080    00000002     FEM_steering.obj (.ebss)
                  0000c082    00000002     rts2800_fpu32.lib : _lock.c.obj (.ebss:__lock)
                  0000c084    00000002                       : _lock.c.obj (.ebss:__unlock)

.econst    1    0000d000    00000100     
                  0000d000    00000100     DSP2833x_PieVect.obj (.econst:_PieVectTableInit)

.reset     0    003fffc0    00000002     DSECT
                  003fffc0    00000002     rts2800_fpu32.lib : boot28.asm.obj (.reset)

csm_rsvd   0    0033ff80    00000000     DSECT

csmpasswds 
*          0    0033fff8    00000000     DSECT

.adc_cal   0    00380080    00000007     NOLOAD SECTION
                  00380080    00000007     DSP2833x_ADC_cal.obj (.adc_cal)

PieVectTableFile 
*          1    00000d00    00000100     UNINITIALIZED
                  00000d00    00000100     DSP2833x_GlobalVariableDefs.obj (PieVectTableFile)

DmaRegsFile 
*          1    00001000    000000e0     UNINITIALIZED
                  00001000    000000e0     DSP2833x_GlobalVariableDefs.obj (DmaRegsFile)

McbspaRegsFile 
*          1    00005000    00000025     UNINITIALIZED
                  00005000    00000025     DSP2833x_GlobalVariableDefs.obj (McbspaRegsFile)

McbspbRegsFile 
*          1    00005040    00000025     UNINITIALIZED
                  00005040    00000025     DSP2833x_GlobalVariableDefs.obj (McbspbRegsFile)

ECanaRegsFile 
*          1    00006000    00000034     UNINITIALIZED
                  00006000    00000034     DSP2833x_GlobalVariableDefs.obj (ECanaRegsFile)

ECanaLAMRegsFile 
*          1    00006040    00000040     UNINITIALIZED
                  00006040    00000040     DSP2833x_GlobalVariableDefs.obj (ECanaLAMRegsFile)

ECanaMboxesFile 
*          1    00006100    00000100     UNINITIALIZED
                  00006100    00000100     DSP2833x_GlobalVariableDefs.obj (ECanaMboxesFile)

ECanbRegsFile 
*          1    00006200    00000034     UNINITIALIZED
                  00006200    00000034     DSP2833x_GlobalVariableDefs.obj (ECanbRegsFile)

ECanbLAMRegsFile 
*          1    00006240    00000040     UNINITIALIZED
                  00006240    00000040     DSP2833x_GlobalVariableDefs.obj (ECanbLAMRegsFile)

ECanbMboxesFile 
*          1    00006300    00000100     UNINITIALIZED
                  00006300    00000100     DSP2833x_GlobalVariableDefs.obj (ECanbMboxesFile)

EPwm1RegsFile 
*          1    00006800    00000022     UNINITIALIZED
                  00006800    00000022     DSP2833x_GlobalVariableDefs.obj (EPwm1RegsFile)

EPwm2RegsFile 
*          1    00006840    00000022     UNINITIALIZED
                  00006840    00000022     DSP2833x_GlobalVariableDefs.obj (EPwm2RegsFile)

EPwm3RegsFile 
*          1    00006880    00000022     UNINITIALIZED
                  00006880    00000022     DSP2833x_GlobalVariableDefs.obj (EPwm3RegsFile)

EPwm4RegsFile 
*          1    000068c0    00000022     UNINITIALIZED
                  000068c0    00000022     DSP2833x_GlobalVariableDefs.obj (EPwm4RegsFile)

EPwm5RegsFile 
*          1    00006900    00000022     UNINITIALIZED
                  00006900    00000022     DSP2833x_GlobalVariableDefs.obj (EPwm5RegsFile)

EPwm6RegsFile 
*          1    00006940    00000022     UNINITIALIZED
                  00006940    00000022     DSP2833x_GlobalVariableDefs.obj (EPwm6RegsFile)

ECap1RegsFile 
*          1    00006a00    00000020     UNINITIALIZED
                  00006a00    00000020     DSP2833x_GlobalVariableDefs.obj (ECap1RegsFile)

ECap2RegsFile 
*          1    00006a20    00000020     UNINITIALIZED
                  00006a20    00000020     DSP2833x_GlobalVariableDefs.obj (ECap2RegsFile)

ECap3RegsFile 
*          1    00006a40    00000020     UNINITIALIZED
                  00006a40    00000020     DSP2833x_GlobalVariableDefs.obj (ECap3RegsFile)

ECap4RegsFile 
*          1    00006a60    00000020     UNINITIALIZED
                  00006a60    00000020     DSP2833x_GlobalVariableDefs.obj (ECap4RegsFile)

ECap5RegsFile 
*          1    00006a80    00000020     UNINITIALIZED
                  00006a80    00000020     DSP2833x_GlobalVariableDefs.obj (ECap5RegsFile)

ECap6RegsFile 
*          1    00006aa0    00000020     UNINITIALIZED
                  00006aa0    00000020     DSP2833x_GlobalVariableDefs.obj (ECap6RegsFile)

EQep1RegsFile 
*          1    00006b00    00000040     UNINITIALIZED
                  00006b00    00000040     DSP2833x_GlobalVariableDefs.obj (EQep1RegsFile)

EQep2RegsFile 
*          1    00006b40    00000040     UNINITIALIZED
                  00006b40    00000040     DSP2833x_GlobalVariableDefs.obj (EQep2RegsFile)

GpioCtrlRegsFile 
*          1    00006f80    0000002e     UNINITIALIZED
                  00006f80    0000002e     DSP2833x_GlobalVariableDefs.obj (GpioCtrlRegsFile)

GpioDataRegsFile 
*          1    00006fc0    00000020     UNINITIALIZED
                  00006fc0    00000020     DSP2833x_GlobalVariableDefs.obj (GpioDataRegsFile)

GpioIntRegsFile 
*          1    00006fe0    0000000a     UNINITIALIZED
                  00006fe0    0000000a     DSP2833x_GlobalVariableDefs.obj (GpioIntRegsFile)

SysCtrlRegsFile 
*          1    00007010    00000020     UNINITIALIZED
                  00007010    00000020     DSP2833x_GlobalVariableDefs.obj (SysCtrlRegsFile)

SpiaRegsFile 
*          1    00007040    00000010     UNINITIALIZED
                  00007040    00000010     DSP2833x_GlobalVariableDefs.obj (SpiaRegsFile)

SciaRegsFile 
*          1    00007050    00000010     UNINITIALIZED
                  00007050    00000010     DSP2833x_GlobalVariableDefs.obj (SciaRegsFile)

XIntruptRegsFile 
*          1    00007070    00000010     UNINITIALIZED
                  00007070    00000010     DSP2833x_GlobalVariableDefs.obj (XIntruptRegsFile)

AdcRegsFile 
*          1    00007100    0000001e     UNINITIALIZED
                  00007100    0000001e     DSP2833x_GlobalVariableDefs.obj (AdcRegsFile)

ScibRegsFile 
*          1    00007750    00000010     UNINITIALIZED
                  00007750    00000010     DSP2833x_GlobalVariableDefs.obj (ScibRegsFile)

ScicRegsFile 
*          1    00007770    00000010     UNINITIALIZED
                  00007770    00000010     DSP2833x_GlobalVariableDefs.obj (ScicRegsFile)

I2caRegsFile 
*          1    00007900    00000022     UNINITIALIZED
                  00007900    00000022     DSP2833x_GlobalVariableDefs.obj (I2caRegsFile)

CsmPwlFile 
*          1    0033fff8    00000008     UNINITIALIZED
                  0033fff8    00000008     DSP2833x_GlobalVariableDefs.obj (CsmPwlFile)

PartIdRegsFile 
*          1    00380090    00000001     UNINITIALIZED
                  00380090    00000001     DSP2833x_GlobalVariableDefs.obj (PartIdRegsFile)

.text.1    0    00009000    00001000     
                  00009000    00000397     main.obj (.text:retain)
                  00009397    00000316     DSP2833x_DefaultIsr.obj (.text:retain)
                  000096ad    00000248     DSP2833x_ECan.obj (.text)
                  000098f5    0000011a     FEM_steering.obj (.text)
                  00009a0f    00000111     FEM_send_CAN.obj (.text)
                  00009b20    00000110     FEM_differential.obj (.text)
                  00009c30    000000fd     DSP2833x_SysCtrl.obj (.text)
                  00009d2d    000000c4     DSP2833x_ECap.obj (.text)
                  00009df1    000000bf     FEM_speed.obj (.text)
                  00009eb0    00000089     FEM_safety.obj (.text)
                  00009f39    00000088     rts2800_fpu32.lib : fs_div28.asm.obj (.text)
                  00009fc1    0000002f     FEM_pedal.obj (.text)
                  00009ff0    00000009     rts2800_fpu32.lib : _lock.c.obj (.text)
                  00009ff9    00000007     DSP2833x_DisInt.obj (.text)

.text.2    0    0000a000    000003e5     
                  0000a000    00000079     DSP2833x_PieCtrl.obj (.text)
                  0000a079    00000066     main.obj (.text)
                  0000a0df    00000061     rts2800_fpu32.lib : s_cosf.c.obj (.text)
                  0000a140    00000061                       : s_tanf.c.obj (.text)
                  0000a1a1    00000056                       : boot28.asm.obj (.text)
                  0000a1f7    00000054     DSP2833x_CpuTimers.obj (.text)
                  0000a24b    00000043     DSP2833x_Adc.obj (.text)
                  0000a28e    00000040     DSP2833x_Gpio.obj (.text)
                  0000a2ce    00000040     DSP2833x_Spi.obj (.text)
                  0000a30e    00000029     rts2800_fpu32.lib : exit.c.obj (.text)
                  0000a337    00000024                       : cpy_tbl.c.obj (.text)
                  0000a35b    00000022                       : i_div28.asm.obj (.text)
                  0000a37d    0000001e                       : memcpy.c.obj (.text)
                  0000a39b    00000019                       : args_main.c.obj (.text)
                  0000a3b4    00000015     FEM_pedal.obj (.text:retain)
                  0000a3c9    00000011     DSP2833x_PieVect.obj (.text)
                  0000a3da    00000008     DSP2833x_CodeStartBranch.obj (.text)
                  0000a3e2    00000002     rts2800_fpu32.lib : pre_init.c.obj (.text)
                  0000a3e4    00000001                       : startup.c.obj (.text)

MODULE SUMMARY

       Module                            code   initialized data   uninitialized data
       ------                            ----   ----------------   ------------------
    .\
       main.obj                          1021   171                72                
    +--+---------------------------------+------+------------------+--------------------+
       Total:                            1021   171                72                
                                                                                     
    .\source\
       DSP2833x_GlobalVariableDefs.obj   0      0                  2679              
       DSP2833x_DefaultIsr.obj           790    0                  0                 
       DSP2833x_ECan.obj                 584    0                  0                 
       FEM_steering.obj                  282    8                  2                 
       DSP2833x_SysCtrl.obj              282    0                  0                 
       DSP2833x_PieVect.obj              17     256                0                 
       FEM_send_CAN.obj                  273    0                  0                 
       FEM_differential.obj              272    0                  0                 
       FEM_speed.obj                     191    45                 18                
       DSP2833x_ECap.obj                 196    0                  0                 
       FEM_safety.obj                    137    12                 3                 
       DSP2833x_PieCtrl.obj              121    0                  0                 
       DSP2833x_CpuTimers.obj            84     0                  24                
       FEM_pedal.obj                     68     16                 4                 
       DSP2833x_Adc.obj                  67     0                  0                 
       DSP2833x_Gpio.obj                 64     0                  0                 
       DSP2833x_Spi.obj                  64     0                  0                 
       DSP2833x_CodeStartBranch.obj      10     0                  0                 
       DSP2833x_ADC_cal.obj              7      0                  0                 
       DSP2833x_DisInt.obj               7      0                  0                 
       DSP2833x_usDelay.obj              4      0                  0                 
    +--+---------------------------------+------+------------------+--------------------+
       Total:                            3520   337                2730              
                                                                                     
    C:\ti\ccsv8\tools\compiler\ti-cgt-c2000_18.1.2.LTS\lib\rts2800_fpu32.lib
       fs_div28.asm.obj                  136    0                  0                 
       s_cosf.c.obj                      97     0                  0                 
       s_tanf.c.obj                      97     0                  0                 
       boot28.asm.obj                    86     0                  0                 
       exit.c.obj                        41     14                 6                 
       cpy_tbl.c.obj                     36     0                  0                 
       i_div28.asm.obj                   34     0                  0                 
       memcpy.c.obj                      30     0                  0                 
       args_main.c.obj                   25     0                  0                 
       _lock.c.obj                       9      10                 4                 
       pre_init.c.obj                    2      0                  0                 
       startup.c.obj                     1      0                  0                 
    +--+---------------------------------+------+------------------+--------------------+
       Total:                            594    24                 10                
                                                                                     
       Stack:                            0      0                  1024              
    +--+---------------------------------+------+------------------+--------------------+
       Grand Total:                      5135   532                3836              


GLOBAL DATA SYMBOLS: SORTED BY DATA PAGE

address     data page           name
--------    ----------------    ----
00000400      10 (00000400)     __stack

00000880      22 (00000880)     _DevEmuRegs

00000a80      2a (00000a80)     _FlashRegs

00000ae0      2b (00000ac0)     _CsmRegs

00000b00      2c (00000b00)     _AdcMirror
00000b20      2c (00000b00)     _XintfRegs

00000c00      30 (00000c00)     _CpuTimer0Regs
00000c08      30 (00000c00)     _CpuTimer1Regs
00000c10      30 (00000c00)     _CpuTimer2Regs

00000ce0      33 (00000cc0)     _PieCtrlRegs

00000d00      34 (00000d00)     _PieVectTable

00001000      40 (00001000)     _DmaRegs

00005000     140 (00005000)     _McbspaRegs

00005040     141 (00005040)     _McbspbRegs

00006000     180 (00006000)     _ECanaRegs

00006040     181 (00006040)     _ECanaLAMRegs

00006080     182 (00006080)     _ECanaMOTSRegs

000060c0     183 (000060c0)     _ECanaMOTORegs

00006100     184 (00006100)     _ECanaMboxes

00006200     188 (00006200)     _ECanbRegs

00006240     189 (00006240)     _ECanbLAMRegs

00006280     18a (00006280)     _ECanbMOTSRegs

000062c0     18b (000062c0)     _ECanbMOTORegs

00006300     18c (00006300)     _ECanbMboxes

00006800     1a0 (00006800)     _EPwm1Regs

00006840     1a1 (00006840)     _EPwm2Regs

00006880     1a2 (00006880)     _EPwm3Regs

000068c0     1a3 (000068c0)     _EPwm4Regs

00006900     1a4 (00006900)     _EPwm5Regs

00006940     1a5 (00006940)     _EPwm6Regs

00006a00     1a8 (00006a00)     _ECap1Regs
00006a20     1a8 (00006a00)     _ECap2Regs

00006a40     1a9 (00006a40)     _ECap3Regs
00006a60     1a9 (00006a40)     _ECap4Regs

00006a80     1aa (00006a80)     _ECap5Regs
00006aa0     1aa (00006a80)     _ECap6Regs

00006b00     1ac (00006b00)     _EQep1Regs

00006b40     1ad (00006b40)     _EQep2Regs

00006f80     1be (00006f80)     _GpioCtrlRegs

00006fc0     1bf (00006fc0)     _GpioDataRegs
00006fe0     1bf (00006fc0)     _GpioIntRegs

00007010     1c0 (00007000)     _SysCtrlRegs

00007040     1c1 (00007040)     _SpiaRegs
00007050     1c1 (00007040)     _SciaRegs
00007070     1c1 (00007040)     _XIntruptRegs

00007100     1c4 (00007100)     _AdcRegs

00007750     1dd (00007740)     _ScibRegs
00007770     1dd (00007740)     _ScicRegs

00007900     1e4 (00007900)     _I2caRegs

0000c000     300 (0000c000)     _racelogic
0000c001     300 (0000c000)     _racelogic_time
0000c002     300 (0000c000)     _temp_right_motor
0000c003     300 (0000c000)     _temp_left_motor
0000c004     300 (0000c000)     _max_alfa
0000c005     300 (0000c000)     _send_motors_min_1
0000c006     300 (0000c000)     _alfa
0000c007     300 (0000c000)     _countRF
0000c008     300 (0000c000)     _odometer
0000c009     300 (0000c000)     _countLF
0000c00a     300 (0000c000)     _count
0000c00b     300 (0000c000)     _count_RL
0000c00c     300 (0000c000)     _t
0000c00d     300 (0000c000)     _temp2
0000c00e     300 (0000c000)     _pol
0000c00f     300 (0000c000)     _temp1
0000c010     300 (0000c000)     _y
0000c011     300 (0000c000)     _z
0000c012     300 (0000c000)     _send_left_motor
0000c013     300 (0000c000)     _send_right_motor
0000c014     300 (0000c000)     _send_motors
0000c015     300 (0000c000)     _PedalOut
0000c016     300 (0000c000)     _i
0000c017     300 (0000c000)     _x
0000c018     300 (0000c000)     _SteerOut
0000c019     300 (0000c000)     _count_pri
0000c01a     300 (0000c000)     _mb_temp
0000c01b     300 (0000c000)     _send_motors_max
0000c01c     300 (0000c000)     _SoC
0000c01e     300 (0000c000)     _voltage_right_motor
0000c020     300 (0000c000)     _voltage_left_motor
0000c022     300 (0000c000)     _el
0000c024     300 (0000c000)     _Ul
0000c026     300 (0000c000)     _voltage_bms
0000c028     300 (0000c000)     _current_bms
0000c02a     300 (0000c000)     _current_left_motor
0000c02c     300 (0000c000)     _current_left_motor_calc
0000c02e     300 (0000c000)     _current_right_motor
0000c030     300 (0000c000)     _current_acc_cont
0000c032     300 (0000c000)     _slip
0000c034     300 (0000c000)     _max_curr
0000c036     300 (0000c000)     _max_slip
0000c038     300 (0000c000)     _perc_per_g
0000c03a     300 (0000c000)     _curr_phase
0000c03c     300 (0000c000)     _curr_perc
0000c03e     300 (0000c000)     _x_curr

0000c040     301 (0000c040)     _max_alfa_mod
0000c042     301 (0000c040)     _C2
0000c044     301 (0000c040)     _C1
0000c046     301 (0000c040)     _phase
0000c048     301 (0000c040)     _CpuTimer1
0000c050     301 (0000c040)     _CpuTimer2
0000c058     301 (0000c040)     _CpuTimer0
0000c060     301 (0000c040)     _speedRF
0000c062     301 (0000c040)     _speedLF
0000c064     301 (0000c040)     _speedRR
0000c066     301 (0000c040)     _omegaLR
0000c068     301 (0000c040)     _omegaRR
0000c06a     301 (0000c040)     _speedLR
0000c06c     301 (0000c040)     _speedr
0000c06e     301 (0000c040)     _speed
0000c070     301 (0000c040)     _speedf
0000c072     301 (0000c040)     ___TI_enable_exit_profile_output
0000c074     301 (0000c040)     ___TI_cleanup_ptr
0000c076     301 (0000c040)     ___TI_dtors_ptr
0000c078     301 (0000c040)     _minspeedf
0000c079     301 (0000c040)     _minspeedr
0000c07a     301 (0000c040)     _can_pedal_rx_flag
0000c07b     301 (0000c040)     _n
0000c07c     301 (0000c040)     _error_code
0000c07d     301 (0000c040)     _flag
0000c07e     301 (0000c040)     _err

0000c080     302 (0000c080)     _button_pressed_once
0000c081     302 (0000c080)     _mode
0000c082     302 (0000c080)     __lock
0000c084     302 (0000c080)     __unlock

0000d000     340 (0000d000)     _PieVectTableInit

0033fff8    cfff (0033ffc0)     _CsmPwl

00380090    e002 (00380080)     _PartIdRegs


GLOBAL SYMBOLS: SORTED ALPHABETICALLY BY Name 

page  address   name                            
----  -------   ----                            
abs   ffffffff  .text                           
0     0000a30e  C$$EXIT                         
0     00009f39  FS$$DIV                         
0     0000a35b  I$$DIV                          
0     0000a36c  I$$MOD                          
0     000096a3  _ADCINT_ISR                     
0     00380080  _ADC_cal                        
1     00000b00  _AdcMirror                      
1     00007100  _AdcRegs                        
1     0000c044  _C1                             
1     0000c042  _C2                             
0     0000a22a  _ConfigCpuTimer                 
1     0000c058  _CpuTimer0                      
1     00000c00  _CpuTimer0Regs                  
1     0000c048  _CpuTimer1                      
1     00000c08  _CpuTimer1Regs                  
1     0000c050  _CpuTimer2                      
1     00000c10  _CpuTimer2Regs                  
1     0033fff8  _CsmPwl                         
1     00000ae0  _CsmRegs                        
0     00009cff  _CsmUnlock                      
0     00009699  _DATALOG_ISR                    
0     0000968f  _DINTCH1_ISR                    
0     00009685  _DINTCH2_ISR                    
0     0000967b  _DINTCH3_ISR                    
0     00009671  _DINTCH4_ISR                    
0     00009667  _DINTCH5_ISR                    
0     0000965d  _DINTCH6_ISR                    
0     00009ff9  _DSP28x_DisableInt              
0     00009ffd  _DSP28x_RestoreInt              
0     00008133  _DSP28x_usDelay                 
1     00000880  _DevEmuRegs                     
0     00009c3a  _DisableDog                     
1     00001000  _DmaRegs                        
0     00009653  _ECAN0INTA_ISR                  
0     00009649  _ECAN0INTB_ISR                  
0     0000963f  _ECAN1INTA_ISR                  
0     00009635  _ECAN1INTB_ISR                  
0     0000962b  _ECAP1_INT_ISR                  
0     00009621  _ECAP2_INT_ISR                  
0     00009617  _ECAP3_INT_ISR                  
0     0000960d  _ECAP4_INT_ISR                  
0     00009603  _ECAP5_INT_ISR                  
0     000095f9  _ECAP6_INT_ISR                  
1     00006040  _ECanaLAMRegs                   
1     000060c0  _ECanaMOTORegs                  
1     00006080  _ECanaMOTSRegs                  
1     00006100  _ECanaMboxes                    
1     00006000  _ECanaRegs                      
1     00006240  _ECanbLAMRegs                   
1     000062c0  _ECanbMOTORegs                  
1     00006280  _ECanbMOTSRegs                  
1     00006300  _ECanbMboxes                    
1     00006200  _ECanbRegs                      
1     00006a00  _ECap1Regs                      
1     00006a20  _ECap2Regs                      
1     00006a40  _ECap3Regs                      
1     00006a60  _ECap4Regs                      
1     00006a80  _ECap5Regs                      
1     00006aa0  _ECap6Regs                      
0     000095ef  _EMUINT_ISR                     
0     000095e5  _EPWM1_INT_ISR                  
0     000095db  _EPWM1_TZINT_ISR                
0     000095d1  _EPWM2_INT_ISR                  
0     000095c7  _EPWM2_TZINT_ISR                
0     000095bd  _EPWM3_INT_ISR                  
0     000095b3  _EPWM3_TZINT_ISR                
0     000095a9  _EPWM4_INT_ISR                  
0     0000959f  _EPWM4_TZINT_ISR                
0     00009595  _EPWM5_INT_ISR                  
0     0000958b  _EPWM5_TZINT_ISR                
0     00009581  _EPWM6_INT_ISR                  
0     00009577  _EPWM6_TZINT_ISR                
1     00006800  _EPwm1Regs                      
1     00006840  _EPwm2Regs                      
1     00006880  _EPwm3Regs                      
1     000068c0  _EPwm4Regs                      
1     00006900  _EPwm5Regs                      
1     00006940  _EPwm6Regs                      
0     0000956d  _EQEP1_INT_ISR                  
0     00009563  _EQEP2_INT_ISR                  
1     00006b00  _EQep1Regs                      
1     00006b40  _EQep2Regs                      
0     0000a070  _EnableInterrupts               
1     00000a80  _FlashRegs                      
1     00006f80  _GpioCtrlRegs                   
1     00006fc0  _GpioDataRegs                   
1     00006fe0  _GpioIntRegs                    
0     00009559  _I2CINT1A_ISR                   
0     0000954f  _I2CINT2A_ISR                   
1     00007900  _I2caRegs                       
0     00009545  _ILLEGAL_ISR                    
0     0000953b  _INT13_ISR                      
0     00009531  _INT14_ISR                      
0     0000a254  _InitAdc                        
0     0000a1f7  _InitCpuTimers                  
0     000096c3  _InitECan                       
0     000096ad  _InitECanGpio                   
0     0000987b  _InitECana                      
0     00009860  _InitECanaGpio                  
0     000096c3  _InitECanb                      
0     000096ad  _InitECanbGpio                  
0     00009d6e  _InitECap                       
0     00009d2d  _InitECap1Gpio                  
0     00009d3b  _InitECap2Gpio                  
0     00009d49  _InitECap3Gpio                  
0     00009d57  _InitECap4Gpio                  
0     00009d65  _InitECapGpio                   
0     00008116  _InitFlash                      
0     0000a28e  _InitGpio                       
0     00009c90  _InitPeripheralClocks           
0     0000a051  _InitPieCtrl                    
0     0000a3c9  _InitPieVectTable               
0     00009c42  _InitPll                        
0     0000a2fc  _InitSpi                        
0     0000a2ce  _InitSpiGpio                    
0     0000a2ce  _InitSpiaGpio                   
0     00009cf6  _InitSysCtrl                    
0     0000a000  _InitXIntrupt                   
0     00009527  _LUF_ISR                        
0     0000951d  _LVF_ISR                        
0     00009513  _MRINTA_ISR                     
0     00009509  _MRINTB_ISR                     
0     000094ff  _MXINTA_ISR                     
0     000094f5  _MXINTB_ISR                     
1     00005000  _McbspaRegs                     
1     00005040  _McbspbRegs                     
0     000094eb  _NMI_ISR                        
0     000094e1  _PIE_RESERVED                   
1     00380090  _PartIdRegs                     
1     0000c015  _PedalOut                       
1     00000ce0  _PieCtrlRegs                    
1     00000d00  _PieVectTable                   
1     0000d000  _PieVectTableInit               
0     000094d7  _RTOSINT_ISR                    
0     000094cd  _SCIRXINTA_ISR                  
0     000094c3  _SCIRXINTB_ISR                  
0     000094b9  _SCIRXINTC_ISR                  
0     000094af  _SCITXINTA_ISR                  
0     000094a5  _SCITXINTB_ISR                  
0     0000949b  _SCITXINTC_ISR                  
0     00009491  _SEQ1INT_ISR                    
0     00009487  _SEQ2INT_ISR                    
0     0000947d  _SPIRXINTA_ISR                  
0     00009473  _SPITXINTA_ISR                  
1     00007050  _SciaRegs                       
1     00007750  _ScibRegs                       
1     00007770  _ScicRegs                       
0     00009c30  _ServiceDog                     
1     0000c01c  _SoC                            
1     00007040  _SpiaRegs                       
1     0000c018  _SteerOut                       
1     00007010  _SysCtrlRegs                    
0     00009469  _TINT0_ISR                      
0     0000945f  _USER10_ISR                     
0     00009455  _USER11_ISR                     
0     0000944b  _USER12_ISR                     
0     00009441  _USER1_ISR                      
0     00009437  _USER2_ISR                      
0     0000942d  _USER3_ISR                      
0     00009423  _USER4_ISR                      
0     00009419  _USER5_ISR                      
0     0000940f  _USER6_ISR                      
0     00009405  _USER7_ISR                      
0     000093fb  _USER8_ISR                      
0     000093f1  _USER9_ISR                      
1     0000c024  _Ul                             
0     000093e7  _WAKEINT_ISR                    
0     000093dd  _XINT1_ISR                      
0     000093d3  _XINT2_ISR                      
0     000093c9  _XINT3_ISR                      
0     000093bf  _XINT4_ISR                      
0     000093b5  _XINT5_ISR                      
0     000093ab  _XINT6_ISR                      
0     000093a1  _XINT7_ISR                      
1     00007070  _XIntruptRegs                   
1     00000b20  _XintfRegs                      
1     00000800  __STACK_END                     
abs   00000400  __STACK_SIZE                    
1     0000c074  ___TI_cleanup_ptr               
1     0000c076  ___TI_dtors_ptr                 
1     0000c072  ___TI_enable_exit_profile_output
abs   ffffffff  ___TI_pprof_out_hndl            
abs   ffffffff  ___TI_prof_data_size            
abs   ffffffff  ___TI_prof_data_start           
abs   ffffffff  ___binit__                      
abs   ffffffff  ___c_args__                     
0     00008000  ___cinit__                      
abs   ffffffff  ___etext__                      
abs   ffffffff  ___pinit__                      
abs   ffffffff  ___text__                       
0     0000a39b  __args_main                     
1     0000c082  __lock                          
0     00009ff8  __nop                           
0     00009ff4  __register_lock                 
0     00009ff0  __register_unlock               
1     00000400  __stack                         
0     0000a3e4  __system_post_cinit             
0     0000a3e2  __system_pre_init               
1     0000c084  __unlock                        
0     0000a30e  _abort                          
1     0000c006  _alfa                           
0     00009f20  _bspd                           
1     0000c080  _button_pressed_once            
0     0000a1a1  _c_int00                        
0     00009fc1  _calc_PedalOut                  
0     00009df1  _calc_speed                     
0     000099ff  _calc_steer_wheel_spi           
0     0000a3b4  _can_int_isr                    
1     0000c07a  _can_pedal_rx_flag              
0     0000a337  _copy_in                        
0     0000a0df  _cos                            
0     0000a0df  _cosf                           
1     0000c00a  _count                          
1     0000c009  _countLF                        
1     0000c007  _countRF                        
1     0000c00b  _count_RL                       
1     0000c019  _count_pri                      
1     0000c03c  _curr_perc                      
1     0000c03a  _curr_phase                     
1     0000c030  _current_acc_cont               
1     0000c028  _current_bms                    
1     0000c02a  _current_left_motor             
1     0000c02c  _current_left_motor_calc        
1     0000c02e  _current_right_motor            
0     00009ba8  _differential_l                 
0     00009b20  _differential_r                 
0     0000937b  _ecap3_int_isr__Fv              
0     0000935f  _ecap4_int_isr                  
1     0000c022  _el                             
1     0000c07e  _err                            
1     0000c07c  _error_code                     
0     0000a310  _exit                           
1     0000c07d  _flag                           
1     0000c016  _i                              
0     0000a079  _main                           
0     00009000  _main_timer_isr                 
1     0000c004  _max_alfa                       
1     0000c040  _max_alfa_mod                   
1     0000c034  _max_curr                       
1     0000c036  _max_slip                       
1     0000c01a  _mb_temp                        
0     0000a37d  _memcpy                         
1     0000c078  _minspeedf                      
1     0000c079  _minspeedr                      
1     0000c081  _mode                           
1     0000c07b  _n                              
1     0000c008  _odometer                       
1     0000c066  _omegaLR                        
1     0000c068  _omegaRR                        
1     0000c038  _perc_per_g                     
1     0000c046  _phase                          
1     0000c00e  _pol                            
1     0000c000  _racelogic                      
1     0000c001  _racelogic_time                 
0     0000a24b  _read_ADC                       
0     00009397  _rsvd_ISR                       
0     00009ec9  _rtd                            
0     00009eb0  _rtds                           
0     00009a8d  _send_CAN_datalogger            
0     00009a59  _send_CAN_motors                
0     00009a3c  _send_CAN_priborka              
0     00009a24  _send_CAN_steer                 
0     00009a0f  _send_CAN_sync_message          
1     0000c012  _send_left_motor                
1     0000c014  _send_motors                    
1     0000c01b  _send_motors_max                
1     0000c005  _send_motors_min_1              
1     0000c013  _send_right_motor               
0     00009f0c  _shutdown_detect                
1     0000c032  _slip                           
1     0000c06e  _speed                          
1     0000c062  _speedLF                        
1     0000c06a  _speedLR                        
1     0000c060  _speedRF                        
1     0000c064  _speedRR                        
1     0000c070  _speedf                         
1     0000c06c  _speedr                         
0     000099fb  _spi_xmit__FUi                  
0     000098f5  _steering_buttons               
0     00009efe  _stop_light                     
1     0000c00c  _t                              
0     0000a140  _tan                            
0     0000a140  _tanf                           
1     0000c00f  _temp1                          
1     0000c00d  _temp2                          
1     0000c003  _temp_left_motor                
1     0000c002  _temp_right_motor               
0     00009ef4  _turnoffmf                      
1     0000c026  _voltage_bms                    
1     0000c020  _voltage_left_motor             
1     0000c01e  _voltage_right_motor            
1     0000c017  _x                              
1     0000c03e  _x_curr                         
1     0000c010  _y                              
1     0000c011  _z                              
abs   ffffffff  binit                           
0     00008000  cinit                           
0     00000000  code_start                      
abs   ffffffff  etext                           
abs   ffffffff  pinit                           


GLOBAL SYMBOLS: SORTED BY Symbol Address 

page  address   name                            
----  -------   ----                            
0     00000000  code_start                      
0     00008000  ___cinit__                      
0     00008000  cinit                           
0     00008116  _InitFlash                      
0     00008133  _DSP28x_usDelay                 
0     00009000  _main_timer_isr                 
0     0000935f  _ecap4_int_isr                  
0     0000937b  _ecap3_int_isr__Fv              
0     00009397  _rsvd_ISR                       
0     000093a1  _XINT7_ISR                      
0     000093ab  _XINT6_ISR                      
0     000093b5  _XINT5_ISR                      
0     000093bf  _XINT4_ISR                      
0     000093c9  _XINT3_ISR                      
0     000093d3  _XINT2_ISR                      
0     000093dd  _XINT1_ISR                      
0     000093e7  _WAKEINT_ISR                    
0     000093f1  _USER9_ISR                      
0     000093fb  _USER8_ISR                      
0     00009405  _USER7_ISR                      
0     0000940f  _USER6_ISR                      
0     00009419  _USER5_ISR                      
0     00009423  _USER4_ISR                      
0     0000942d  _USER3_ISR                      
0     00009437  _USER2_ISR                      
0     00009441  _USER1_ISR                      
0     0000944b  _USER12_ISR                     
0     00009455  _USER11_ISR                     
0     0000945f  _USER10_ISR                     
0     00009469  _TINT0_ISR                      
0     00009473  _SPITXINTA_ISR                  
0     0000947d  _SPIRXINTA_ISR                  
0     00009487  _SEQ2INT_ISR                    
0     00009491  _SEQ1INT_ISR                    
0     0000949b  _SCITXINTC_ISR                  
0     000094a5  _SCITXINTB_ISR                  
0     000094af  _SCITXINTA_ISR                  
0     000094b9  _SCIRXINTC_ISR                  
0     000094c3  _SCIRXINTB_ISR                  
0     000094cd  _SCIRXINTA_ISR                  
0     000094d7  _RTOSINT_ISR                    
0     000094e1  _PIE_RESERVED                   
0     000094eb  _NMI_ISR                        
0     000094f5  _MXINTB_ISR                     
0     000094ff  _MXINTA_ISR                     
0     00009509  _MRINTB_ISR                     
0     00009513  _MRINTA_ISR                     
0     0000951d  _LVF_ISR                        
0     00009527  _LUF_ISR                        
0     00009531  _INT14_ISR                      
0     0000953b  _INT13_ISR                      
0     00009545  _ILLEGAL_ISR                    
0     0000954f  _I2CINT2A_ISR                   
0     00009559  _I2CINT1A_ISR                   
0     00009563  _EQEP2_INT_ISR                  
0     0000956d  _EQEP1_INT_ISR                  
0     00009577  _EPWM6_TZINT_ISR                
0     00009581  _EPWM6_INT_ISR                  
0     0000958b  _EPWM5_TZINT_ISR                
0     00009595  _EPWM5_INT_ISR                  
0     0000959f  _EPWM4_TZINT_ISR                
0     000095a9  _EPWM4_INT_ISR                  
0     000095b3  _EPWM3_TZINT_ISR                
0     000095bd  _EPWM3_INT_ISR                  
0     000095c7  _EPWM2_TZINT_ISR                
0     000095d1  _EPWM2_INT_ISR                  
0     000095db  _EPWM1_TZINT_ISR                
0     000095e5  _EPWM1_INT_ISR                  
0     000095ef  _EMUINT_ISR                     
0     000095f9  _ECAP6_INT_ISR                  
0     00009603  _ECAP5_INT_ISR                  
0     0000960d  _ECAP4_INT_ISR                  
0     00009617  _ECAP3_INT_ISR                  
0     00009621  _ECAP2_INT_ISR                  
0     0000962b  _ECAP1_INT_ISR                  
0     00009635  _ECAN1INTB_ISR                  
0     0000963f  _ECAN1INTA_ISR                  
0     00009649  _ECAN0INTB_ISR                  
0     00009653  _ECAN0INTA_ISR                  
0     0000965d  _DINTCH6_ISR                    
0     00009667  _DINTCH5_ISR                    
0     00009671  _DINTCH4_ISR                    
0     0000967b  _DINTCH3_ISR                    
0     00009685  _DINTCH2_ISR                    
0     0000968f  _DINTCH1_ISR                    
0     00009699  _DATALOG_ISR                    
0     000096a3  _ADCINT_ISR                     
0     000096ad  _InitECanGpio                   
0     000096ad  _InitECanbGpio                  
0     000096c3  _InitECan                       
0     000096c3  _InitECanb                      
0     00009860  _InitECanaGpio                  
0     0000987b  _InitECana                      
0     000098f5  _steering_buttons               
0     000099fb  _spi_xmit__FUi                  
0     000099ff  _calc_steer_wheel_spi           
0     00009a0f  _send_CAN_sync_message          
0     00009a24  _send_CAN_steer                 
0     00009a3c  _send_CAN_priborka              
0     00009a59  _send_CAN_motors                
0     00009a8d  _send_CAN_datalogger            
0     00009b20  _differential_r                 
0     00009ba8  _differential_l                 
0     00009c30  _ServiceDog                     
0     00009c3a  _DisableDog                     
0     00009c42  _InitPll                        
0     00009c90  _InitPeripheralClocks           
0     00009cf6  _InitSysCtrl                    
0     00009cff  _CsmUnlock                      
0     00009d2d  _InitECap1Gpio                  
0     00009d3b  _InitECap2Gpio                  
0     00009d49  _InitECap3Gpio                  
0     00009d57  _InitECap4Gpio                  
0     00009d65  _InitECapGpio                   
0     00009d6e  _InitECap                       
0     00009df1  _calc_speed                     
0     00009eb0  _rtds                           
0     00009ec9  _rtd                            
0     00009ef4  _turnoffmf                      
0     00009efe  _stop_light                     
0     00009f0c  _shutdown_detect                
0     00009f20  _bspd                           
0     00009f39  FS$$DIV                         
0     00009fc1  _calc_PedalOut                  
0     00009ff0  __register_unlock               
0     00009ff4  __register_lock                 
0     00009ff8  __nop                           
0     00009ff9  _DSP28x_DisableInt              
0     00009ffd  _DSP28x_RestoreInt              
0     0000a000  _InitXIntrupt                   
0     0000a051  _InitPieCtrl                    
0     0000a070  _EnableInterrupts               
0     0000a079  _main                           
0     0000a0df  _cos                            
0     0000a0df  _cosf                           
0     0000a140  _tan                            
0     0000a140  _tanf                           
0     0000a1a1  _c_int00                        
0     0000a1f7  _InitCpuTimers                  
0     0000a22a  _ConfigCpuTimer                 
0     0000a24b  _read_ADC                       
0     0000a254  _InitAdc                        
0     0000a28e  _InitGpio                       
0     0000a2ce  _InitSpiGpio                    
0     0000a2ce  _InitSpiaGpio                   
0     0000a2fc  _InitSpi                        
0     0000a30e  C$$EXIT                         
0     0000a30e  _abort                          
0     0000a310  _exit                           
0     0000a337  _copy_in                        
0     0000a35b  I$$DIV                          
0     0000a36c  I$$MOD                          
0     0000a37d  _memcpy                         
0     0000a39b  __args_main                     
0     0000a3b4  _can_int_isr                    
0     0000a3c9  _InitPieVectTable               
0     0000a3e2  __system_pre_init               
0     0000a3e4  __system_post_cinit             
0     00380080  _ADC_cal                        
1     00000400  __stack                         
1     00000800  __STACK_END                     
1     00000880  _DevEmuRegs                     
1     00000a80  _FlashRegs                      
1     00000ae0  _CsmRegs                        
1     00000b00  _AdcMirror                      
1     00000b20  _XintfRegs                      
1     00000c00  _CpuTimer0Regs                  
1     00000c08  _CpuTimer1Regs                  
1     00000c10  _CpuTimer2Regs                  
1     00000ce0  _PieCtrlRegs                    
1     00000d00  _PieVectTable                   
1     00001000  _DmaRegs                        
1     00005000  _McbspaRegs                     
1     00005040  _McbspbRegs                     
1     00006000  _ECanaRegs                      
1     00006040  _ECanaLAMRegs                   
1     00006080  _ECanaMOTSRegs                  
1     000060c0  _ECanaMOTORegs                  
1     00006100  _ECanaMboxes                    
1     00006200  _ECanbRegs                      
1     00006240  _ECanbLAMRegs                   
1     00006280  _ECanbMOTSRegs                  
1     000062c0  _ECanbMOTORegs                  
1     00006300  _ECanbMboxes                    
1     00006800  _EPwm1Regs                      
1     00006840  _EPwm2Regs                      
1     00006880  _EPwm3Regs                      
1     000068c0  _EPwm4Regs                      
1     00006900  _EPwm5Regs                      
1     00006940  _EPwm6Regs                      
1     00006a00  _ECap1Regs                      
1     00006a20  _ECap2Regs                      
1     00006a40  _ECap3Regs                      
1     00006a60  _ECap4Regs                      
1     00006a80  _ECap5Regs                      
1     00006aa0  _ECap6Regs                      
1     00006b00  _EQep1Regs                      
1     00006b40  _EQep2Regs                      
1     00006f80  _GpioCtrlRegs                   
1     00006fc0  _GpioDataRegs                   
1     00006fe0  _GpioIntRegs                    
1     00007010  _SysCtrlRegs                    
1     00007040  _SpiaRegs                       
1     00007050  _SciaRegs                       
1     00007070  _XIntruptRegs                   
1     00007100  _AdcRegs                        
1     00007750  _ScibRegs                       
1     00007770  _ScicRegs                       
1     00007900  _I2caRegs                       
1     0000c000  _racelogic                      
1     0000c001  _racelogic_time                 
1     0000c002  _temp_right_motor               
1     0000c003  _temp_left_motor                
1     0000c004  _max_alfa                       
1     0000c005  _send_motors_min_1              
1     0000c006  _alfa                           
1     0000c007  _countRF                        
1     0000c008  _odometer                       
1     0000c009  _countLF                        
1     0000c00a  _count                          
1     0000c00b  _count_RL                       
1     0000c00c  _t                              
1     0000c00d  _temp2                          
1     0000c00e  _pol                            
1     0000c00f  _temp1                          
1     0000c010  _y                              
1     0000c011  _z                              
1     0000c012  _send_left_motor                
1     0000c013  _send_right_motor               
1     0000c014  _send_motors                    
1     0000c015  _PedalOut                       
1     0000c016  _i                              
1     0000c017  _x                              
1     0000c018  _SteerOut                       
1     0000c019  _count_pri                      
1     0000c01a  _mb_temp                        
1     0000c01b  _send_motors_max                
1     0000c01c  _SoC                            
1     0000c01e  _voltage_right_motor            
1     0000c020  _voltage_left_motor             
1     0000c022  _el                             
1     0000c024  _Ul                             
1     0000c026  _voltage_bms                    
1     0000c028  _current_bms                    
1     0000c02a  _current_left_motor             
1     0000c02c  _current_left_motor_calc        
1     0000c02e  _current_right_motor            
1     0000c030  _current_acc_cont               
1     0000c032  _slip                           
1     0000c034  _max_curr                       
1     0000c036  _max_slip                       
1     0000c038  _perc_per_g                     
1     0000c03a  _curr_phase                     
1     0000c03c  _curr_perc                      
1     0000c03e  _x_curr                         
1     0000c040  _max_alfa_mod                   
1     0000c042  _C2                             
1     0000c044  _C1                             
1     0000c046  _phase                          
1     0000c048  _CpuTimer1                      
1     0000c050  _CpuTimer2                      
1     0000c058  _CpuTimer0                      
1     0000c060  _speedRF                        
1     0000c062  _speedLF                        
1     0000c064  _speedRR                        
1     0000c066  _omegaLR                        
1     0000c068  _omegaRR                        
1     0000c06a  _speedLR                        
1     0000c06c  _speedr                         
1     0000c06e  _speed                          
1     0000c070  _speedf                         
1     0000c072  ___TI_enable_exit_profile_output
1     0000c074  ___TI_cleanup_ptr               
1     0000c076  ___TI_dtors_ptr                 
1     0000c078  _minspeedf                      
1     0000c079  _minspeedr                      
1     0000c07a  _can_pedal_rx_flag              
1     0000c07b  _n                              
1     0000c07c  _error_code                     
1     0000c07d  _flag                           
1     0000c07e  _err                            
1     0000c080  _button_pressed_once            
1     0000c081  _mode                           
1     0000c082  __lock                          
1     0000c084  __unlock                        
1     0000d000  _PieVectTableInit               
1     0033fff8  _CsmPwl                         
1     00380090  _PartIdRegs                     
abs   00000400  __STACK_SIZE                    
abs   ffffffff  .text                           
abs   ffffffff  ___TI_pprof_out_hndl            
abs   ffffffff  ___TI_prof_data_size            
abs   ffffffff  ___TI_prof_data_start           
abs   ffffffff  ___binit__                      
abs   ffffffff  ___c_args__                     
abs   ffffffff  ___etext__                      
abs   ffffffff  ___pinit__                      
abs   ffffffff  ___text__                       
abs   ffffffff  binit                           
abs   ffffffff  etext                           
abs   ffffffff  pinit                           

[301 symbols]
