******************************************************************************
             TMS320C2000 Linker PC v18.1.2                     
******************************************************************************
>> Linked Wed Jul 31 19:57:20 2019

OUTPUT FILE NAME:   <FEM3.out>
ENTRY POINT SYMBOL: "_c_int00"  address: 003391c8


MEMORY CONFIGURATION

         name            origin    length      used     unused   attr    fill
----------------------  --------  ---------  --------  --------  ----  --------
PAGE 0:
  ZONE0                 00004000   00001000  00000000  00001000  RWIX
  RAML0                 00008000   00001000  00000021  00000fdf  RWIX
  RAML1                 00009000   00001000  00000000  00001000  RWIX
  RAML2                 0000a000   00001000  00000000  00001000  RWIX
  RAML3                 0000b000   00001000  00000000  00001000  RWIX
  ZONE6                 00100000   00100000  00000000  00100000  RWIX
  ZONE7A                00200000   0000fc00  00000000  0000fc00  RWIX
  FLASHH                00300000   00008000  00000000  00008000  RWIX
  FLASHG                00308000   00008000  00000000  00008000  RWIX
  FLASHF                00310000   00008000  00000000  00008000  RWIX
  FLASHE                00318000   00008000  00000000  00008000  RWIX
  FLASHD                00320000   00008000  00000021  00007fdf  RWIX
  FLASHC                00328000   00008000  00000000  00008000  RWIX
  FLASHA                00338000   00007f80  00001681  000068ff  RWIX
  CSM_RSVD              0033ff80   00000076  00000000  00000076  RWIX
  BEGIN                 0033fff6   00000002  00000002  00000000  RWIX
  CSM_PWL               0033fff8   00000008  00000000  00000008  RWIX
  ADC_CAL               00380080   00000009  00000007  00000002  RWIX
  OTP                   00380400   00000400  00000000  00000400  RWIX
  IQTABLES              003fe000   00000b50  00000000  00000b50  RWIX
  IQTABLES2             003feb50   0000008c  00000000  0000008c  RWIX
  FPUTABLES             003febdc   000006a0  00000000  000006a0  RWIX
  ROM                   003ff27c   00000d44  00000000  00000d44  RWIX
  RESET                 003fffc0   00000002  00000000  00000002  RWIX
  VECTORS               003fffc2   0000003e  00000000  0000003e  RWIX

PAGE 1:
  BOOT_RSVD             00000000   00000050  00000000  00000050  RWIX
  RAMM0                 00000050   000003b0  00000000  000003b0  RWIX
  RAMM1                 00000400   00000400  00000300  00000100  RWIX
  DEV_EMU               00000880   00000180  000000d0  000000b0  RWIX
  FLASH_REGS            00000a80   00000060  00000008  00000058  RWIX
  CSM                   00000ae0   00000010  00000010  00000000  RWIX
  ADC_MIRROR            00000b00   00000010  00000010  00000000  RWIX
  XINTF                 00000b20   00000020  0000001e  00000002  RWIX
  CPU_TIMER0            00000c00   00000008  00000008  00000000  RWIX
  CPU_TIMER1            00000c08   00000008  00000008  00000000  RWIX
  CPU_TIMER2            00000c10   00000008  00000008  00000000  RWIX
  PIE_CTRL              00000ce0   00000020  0000001a  00000006  RWIX
  PIE_VECT              00000d00   00000100  00000100  00000000  RWIX
  DMA                   00001000   00000200  000000e0  00000120  RWIX
  MCBSPA                00005000   00000040  00000025  0000001b  RWIX
  MCBSPB                00005040   00000040  00000025  0000001b  RWIX
  ECANA                 00006000   00000040  00000034  0000000c  RWIX
  ECANA_LAM             00006040   00000040  00000040  00000000  RWIX
  ECANA_MOTS            00006080   00000040  00000040  00000000  RWIX
  ECANA_MOTO            000060c0   00000040  00000040  00000000  RWIX
  ECANA_MBOX            00006100   00000100  00000100  00000000  RWIX
  ECANB                 00006200   00000040  00000034  0000000c  RWIX
  ECANB_LAM             00006240   00000040  00000040  00000000  RWIX
  ECANB_MOTS            00006280   00000040  00000040  00000000  RWIX
  ECANB_MOTO            000062c0   00000040  00000040  00000000  RWIX
  ECANB_MBOX            00006300   00000100  00000100  00000000  RWIX
  EPWM1                 00006800   00000022  00000022  00000000  RWIX
  EPWM2                 00006840   00000022  00000022  00000000  RWIX
  EPWM3                 00006880   00000022  00000022  00000000  RWIX
  EPWM4                 000068c0   00000022  00000022  00000000  RWIX
  EPWM5                 00006900   00000022  00000022  00000000  RWIX
  EPWM6                 00006940   00000022  00000022  00000000  RWIX
  ECAP1                 00006a00   00000020  00000020  00000000  RWIX
  ECAP2                 00006a20   00000020  00000020  00000000  RWIX
  ECAP3                 00006a40   00000020  00000020  00000000  RWIX
  ECAP4                 00006a60   00000020  00000020  00000000  RWIX
  ECAP5                 00006a80   00000020  00000020  00000000  RWIX
  ECAP6                 00006aa0   00000020  00000020  00000000  RWIX
  EQEP1                 00006b00   00000040  00000040  00000000  RWIX
  EQEP2                 00006b40   00000040  00000040  00000000  RWIX
  GPIOCTRL              00006f80   00000040  0000002e  00000012  RWIX
  GPIODAT               00006fc0   00000020  00000020  00000000  RWIX
  GPIOINT               00006fe0   00000020  0000000a  00000016  RWIX
  SYSTEM                00007010   00000020  00000020  00000000  RWIX
  SPIA                  00007040   00000010  00000010  00000000  RWIX
  SCIA                  00007050   00000010  00000010  00000000  RWIX
  XINTRUPT              00007070   00000010  00000010  00000000  RWIX
  ADC                   00007100   00000020  0000001e  00000002  RWIX
  SCIB                  00007750   00000010  00000010  00000000  RWIX
  SCIC                  00007770   00000010  00000010  00000000  RWIX
  I2CA                  00007900   00000040  00000022  0000001e  RWIX
  RAML4                 0000c000   00001000  0000008c  00000f74  RWIX
  RAML5                 0000d000   00001000  00000000  00001000  RWIX
  RAML6                 0000e000   00001000  00000000  00001000  RWIX
  RAML7                 0000f000   00001000  00000000  00001000  RWIX
  ZONE7B                0020fc00   00000400  00000000  00000400  RWIX
  FLASHB                00330000   00008000  00000000  00008000  RWIX
  CSM_PWL               0033fff8   00000008  00000008  00000000  RWIX
  PARTID                00380090   00000001  00000001  00000000  RWIX


SECTION ALLOCATION MAP

 output                                  attributes/
section   page    origin      length       input sections
--------  ----  ----------  ----------   ----------------
ramfuncs   0    00320000    00000021     RUN ADDR = 00008000
                  00320000    0000001d     DSP2833x_SysCtrl.obj (ramfuncs)
                  0032001d    00000004     DSP2833x_usDelay.obj (ramfuncs)

.cinit     0    0033945b    00000126     
                  0033945b    000000b6     main.obj (.cinit)
                  00339511    00000032     FEM_speed.obj (.cinit)
                  00339543    00000010     FEM_pedal.obj (.cinit)
                  00339553    0000000e     rts2800_fpu32.lib : exit.c.obj (.cinit)
                  00339561    0000000c     FEM_safety.obj (.cinit)
                  0033956d    00000008     FEM_steering.obj (.cinit)
                  00339575    00000005     rts2800_fpu32.lib : _lock.c.obj (.cinit:__lock)
                  0033957a    00000005                       : _lock.c.obj (.cinit:__unlock)
                  0033957f    00000002     --HOLE-- [fill = 0]

DevEmuRegsFile 
*          1    00000880    000000d0     UNINITIALIZED
                  00000880    000000d0     DSP2833x_GlobalVariableDefs.obj (DevEmuRegsFile)

FlashRegsFile 
*          1    00000a80    00000008     UNINITIALIZED
                  00000a80    00000008     DSP2833x_GlobalVariableDefs.obj (FlashRegsFile)

CsmRegsFile 
*          1    00000ae0    00000010     UNINITIALIZED
                  00000ae0    00000010     DSP2833x_GlobalVariableDefs.obj (CsmRegsFile)

AdcMirrorFile 
*          1    00000b00    00000010     UNINITIALIZED
                  00000b00    00000010     DSP2833x_GlobalVariableDefs.obj (AdcMirrorFile)

XintfRegsFile 
*          1    00000b20    0000001e     UNINITIALIZED
                  00000b20    0000001e     DSP2833x_GlobalVariableDefs.obj (XintfRegsFile)

CpuTimer0RegsFile 
*          1    00000c00    00000008     UNINITIALIZED
                  00000c00    00000008     DSP2833x_GlobalVariableDefs.obj (CpuTimer0RegsFile)

CpuTimer1RegsFile 
*          1    00000c08    00000008     UNINITIALIZED
                  00000c08    00000008     DSP2833x_GlobalVariableDefs.obj (CpuTimer1RegsFile)

CpuTimer2RegsFile 
*          1    00000c10    00000008     UNINITIALIZED
                  00000c10    00000008     DSP2833x_GlobalVariableDefs.obj (CpuTimer2RegsFile)

PieCtrlRegsFile 
*          1    00000ce0    0000001a     UNINITIALIZED
                  00000ce0    0000001a     DSP2833x_GlobalVariableDefs.obj (PieCtrlRegsFile)

PieVectTableFile 
*          1    00000d00    00000100     UNINITIALIZED
                  00000d00    00000100     DSP2833x_GlobalVariableDefs.obj (PieVectTableFile)

DmaRegsFile 
*          1    00001000    000000e0     UNINITIALIZED
                  00001000    000000e0     DSP2833x_GlobalVariableDefs.obj (DmaRegsFile)

McbspaRegsFile 
*          1    00005000    00000025     UNINITIALIZED
                  00005000    00000025     DSP2833x_GlobalVariableDefs.obj (McbspaRegsFile)

McbspbRegsFile 
*          1    00005040    00000025     UNINITIALIZED
                  00005040    00000025     DSP2833x_GlobalVariableDefs.obj (McbspbRegsFile)

ECanaRegsFile 
*          1    00006000    00000034     UNINITIALIZED
                  00006000    00000034     DSP2833x_GlobalVariableDefs.obj (ECanaRegsFile)

ECanaLAMRegsFile 
*          1    00006040    00000040     UNINITIALIZED
                  00006040    00000040     DSP2833x_GlobalVariableDefs.obj (ECanaLAMRegsFile)

ECanaMOTSRegsFile 
*          1    00006080    00000040     UNINITIALIZED
                  00006080    00000040     DSP2833x_GlobalVariableDefs.obj (ECanaMOTSRegsFile)

ECanaMOTORegsFile 
*          1    000060c0    00000040     UNINITIALIZED
                  000060c0    00000040     DSP2833x_GlobalVariableDefs.obj (ECanaMOTORegsFile)

ECanaMboxesFile 
*          1    00006100    00000100     UNINITIALIZED
                  00006100    00000100     DSP2833x_GlobalVariableDefs.obj (ECanaMboxesFile)

ECanbRegsFile 
*          1    00006200    00000034     UNINITIALIZED
                  00006200    00000034     DSP2833x_GlobalVariableDefs.obj (ECanbRegsFile)

ECanbLAMRegsFile 
*          1    00006240    00000040     UNINITIALIZED
                  00006240    00000040     DSP2833x_GlobalVariableDefs.obj (ECanbLAMRegsFile)

ECanbMOTSRegsFile 
*          1    00006280    00000040     UNINITIALIZED
                  00006280    00000040     DSP2833x_GlobalVariableDefs.obj (ECanbMOTSRegsFile)

ECanbMOTORegsFile 
*          1    000062c0    00000040     UNINITIALIZED
                  000062c0    00000040     DSP2833x_GlobalVariableDefs.obj (ECanbMOTORegsFile)

ECanbMboxesFile 
*          1    00006300    00000100     UNINITIALIZED
                  00006300    00000100     DSP2833x_GlobalVariableDefs.obj (ECanbMboxesFile)

EPwm1RegsFile 
*          1    00006800    00000022     UNINITIALIZED
                  00006800    00000022     DSP2833x_GlobalVariableDefs.obj (EPwm1RegsFile)

EPwm2RegsFile 
*          1    00006840    00000022     UNINITIALIZED
                  00006840    00000022     DSP2833x_GlobalVariableDefs.obj (EPwm2RegsFile)

EPwm3RegsFile 
*          1    00006880    00000022     UNINITIALIZED
                  00006880    00000022     DSP2833x_GlobalVariableDefs.obj (EPwm3RegsFile)

EPwm4RegsFile 
*          1    000068c0    00000022     UNINITIALIZED
                  000068c0    00000022     DSP2833x_GlobalVariableDefs.obj (EPwm4RegsFile)

EPwm5RegsFile 
*          1    00006900    00000022     UNINITIALIZED
                  00006900    00000022     DSP2833x_GlobalVariableDefs.obj (EPwm5RegsFile)

EPwm6RegsFile 
*          1    00006940    00000022     UNINITIALIZED
                  00006940    00000022     DSP2833x_GlobalVariableDefs.obj (EPwm6RegsFile)

ECap1RegsFile 
*          1    00006a00    00000020     UNINITIALIZED
                  00006a00    00000020     DSP2833x_GlobalVariableDefs.obj (ECap1RegsFile)

ECap2RegsFile 
*          1    00006a20    00000020     UNINITIALIZED
                  00006a20    00000020     DSP2833x_GlobalVariableDefs.obj (ECap2RegsFile)

ECap3RegsFile 
*          1    00006a40    00000020     UNINITIALIZED
                  00006a40    00000020     DSP2833x_GlobalVariableDefs.obj (ECap3RegsFile)

ECap4RegsFile 
*          1    00006a60    00000020     UNINITIALIZED
                  00006a60    00000020     DSP2833x_GlobalVariableDefs.obj (ECap4RegsFile)

ECap5RegsFile 
*          1    00006a80    00000020     UNINITIALIZED
                  00006a80    00000020     DSP2833x_GlobalVariableDefs.obj (ECap5RegsFile)

ECap6RegsFile 
*          1    00006aa0    00000020     UNINITIALIZED
                  00006aa0    00000020     DSP2833x_GlobalVariableDefs.obj (ECap6RegsFile)

EQep1RegsFile 
*          1    00006b00    00000040     UNINITIALIZED
                  00006b00    00000040     DSP2833x_GlobalVariableDefs.obj (EQep1RegsFile)

EQep2RegsFile 
*          1    00006b40    00000040     UNINITIALIZED
                  00006b40    00000040     DSP2833x_GlobalVariableDefs.obj (EQep2RegsFile)

GpioCtrlRegsFile 
*          1    00006f80    0000002e     UNINITIALIZED
                  00006f80    0000002e     DSP2833x_GlobalVariableDefs.obj (GpioCtrlRegsFile)

GpioDataRegsFile 
*          1    00006fc0    00000020     UNINITIALIZED
                  00006fc0    00000020     DSP2833x_GlobalVariableDefs.obj (GpioDataRegsFile)

GpioIntRegsFile 
*          1    00006fe0    0000000a     UNINITIALIZED
                  00006fe0    0000000a     DSP2833x_GlobalVariableDefs.obj (GpioIntRegsFile)

SysCtrlRegsFile 
*          1    00007010    00000020     UNINITIALIZED
                  00007010    00000020     DSP2833x_GlobalVariableDefs.obj (SysCtrlRegsFile)

SpiaRegsFile 
*          1    00007040    00000010     UNINITIALIZED
                  00007040    00000010     DSP2833x_GlobalVariableDefs.obj (SpiaRegsFile)

SciaRegsFile 
*          1    00007050    00000010     UNINITIALIZED
                  00007050    00000010     DSP2833x_GlobalVariableDefs.obj (SciaRegsFile)

XIntruptRegsFile 
*          1    00007070    00000010     UNINITIALIZED
                  00007070    00000010     DSP2833x_GlobalVariableDefs.obj (XIntruptRegsFile)

AdcRegsFile 
*          1    00007100    0000001e     UNINITIALIZED
                  00007100    0000001e     DSP2833x_GlobalVariableDefs.obj (AdcRegsFile)

ScibRegsFile 
*          1    00007750    00000010     UNINITIALIZED
                  00007750    00000010     DSP2833x_GlobalVariableDefs.obj (ScibRegsFile)

ScicRegsFile 
*          1    00007770    00000010     UNINITIALIZED
                  00007770    00000010     DSP2833x_GlobalVariableDefs.obj (ScicRegsFile)

I2caRegsFile 
*          1    00007900    00000022     UNINITIALIZED
                  00007900    00000022     DSP2833x_GlobalVariableDefs.obj (I2caRegsFile)

CsmPwlFile 
*          1    0033fff8    00000008     UNINITIALIZED
                  0033fff8    00000008     DSP2833x_GlobalVariableDefs.obj (CsmPwlFile)

PartIdRegsFile 
*          1    00380090    00000001     UNINITIALIZED
                  00380090    00000001     DSP2833x_GlobalVariableDefs.obj (PartIdRegsFile)

.pinit     0    00338000    00000000     UNINITIALIZED

.text      0    00338000    0000145b     
                  00338000    0000040b     main.obj (.text:retain)
                  0033840b    00000316     DSP2833x_DefaultIsr.obj (.text:retain)
                  00338721    00000248     DSP2833x_ECan.obj (.text)
                  00338969    00000115     FEM_steering.obj (.text)
                  00338a7e    00000110     FEM_differential.obj (.text)
                  00338b8e    0000010a     FEM_send_CAN.obj (.text)
                  00338c98    000000fd     DSP2833x_SysCtrl.obj (.text)
                  00338d95    000000c6     DSP2833x_ECap.obj (.text)
                  00338e5b    0000009b     FEM_speed.obj (.text)
                  00338ef6    00000095     FEM_safety.obj (.text)
                  00338f8b    00000088     rts2800_fpu32.lib : fs_div28.asm.obj (.text)
                  00339013    0000007a     main.obj (.text)
                  0033908d    00000079     DSP2833x_PieCtrl.obj (.text)
                  00339106    00000061     rts2800_fpu32.lib : s_cosf.c.obj (.text)
                  00339167    00000061                       : s_tanf.c.obj (.text)
                  003391c8    00000056                       : boot28.asm.obj (.text)
                  0033921e    00000054     DSP2833x_CpuTimers.obj (.text)
                  00339272    00000043     DSP2833x_Adc.obj (.text)
                  003392b5    00000040     DSP2833x_Gpio.obj (.text)
                  003392f5    00000040     DSP2833x_Spi.obj (.text)
                  00339335    0000002f     FEM_pedal.obj (.text)
                  00339364    00000029     rts2800_fpu32.lib : exit.c.obj (.text)
                  0033938d    00000024                       : cpy_tbl.c.obj (.text)
                  003393b1    00000022                       : i_div28.asm.obj (.text)
                  003393d3    0000001e                       : memcpy.c.obj (.text)
                  003393f1    00000019                       : args_main.c.obj (.text)
                  0033940a    00000015     FEM_pedal.obj (.text:retain)
                  0033941f    00000011     DSP2833x_PieVect.obj (.text)
                  00339430    00000010     DSP2833x_MemCopy.obj (.text)
                  00339440    00000009     rts2800_fpu32.lib : _lock.c.obj (.text)
                  00339449    00000008     DSP2833x_CodeStartBranch.obj (.text)
                  00339451    00000007     DSP2833x_DisInt.obj (.text)
                  00339458    00000002     rts2800_fpu32.lib : pre_init.c.obj (.text)
                  0033945a    00000001                       : startup.c.obj (.text)

codestart 
*          0    0033fff6    00000002     
                  0033fff6    00000002     DSP2833x_CodeStartBranch.obj (codestart)

.stack     1    00000400    00000300     UNINITIALIZED
                  00000400    00000300     --HOLE--

.ebss      1    0000c000    0000008c     UNINITIALIZED
                  0000c000    0000004c     main.obj (.ebss)
                  0000c04c    00000018     DSP2833x_CpuTimers.obj (.ebss)
                  0000c064    00000014     FEM_speed.obj (.ebss)
                  0000c078    00000006     rts2800_fpu32.lib : exit.c.obj (.ebss)
                  0000c07e    00000002     FEM_steering.obj (.ebss)
                  0000c080    00000004     FEM_pedal.obj (.ebss)
                  0000c084    00000003     FEM_safety.obj (.ebss)
                  0000c087    00000001     --HOLE--
                  0000c088    00000002     rts2800_fpu32.lib : _lock.c.obj (.ebss:__lock)
                  0000c08a    00000002                       : _lock.c.obj (.ebss:__unlock)

.econst    0    00339582    00000100     
                  00339582    00000100     DSP2833x_PieVect.obj (.econst:_PieVectTableInit)

.reset     0    003fffc0    00000002     DSECT
                  003fffc0    00000002     rts2800_fpu32.lib : boot28.asm.obj (.reset)

vectors    0    003fffc2    00000000     DSECT

.adc_cal   0    00380080    00000007     NOLOAD SECTION
                  00380080    00000007     DSP2833x_ADC_cal.obj (.adc_cal)

MODULE SUMMARY

       Module                            code   initialized data   uninitialized data
       ------                            ----   ----------------   ------------------
    .\
       main.obj                          1157   182                76                
    +--+---------------------------------+------+------------------+--------------------+
       Total:                            1157   182                76                
                                                                                     
    .\source\
       DSP2833x_GlobalVariableDefs.obj   0      0                  2679              
       DSP2833x_DefaultIsr.obj           790    0                  0                 
       DSP2833x_ECan.obj                 584    0                  0                 
       DSP2833x_SysCtrl.obj              311    0                  0                 
       FEM_steering.obj                  277    8                  2                 
       DSP2833x_PieVect.obj              17     256                0                 
       FEM_differential.obj              272    0                  0                 
       FEM_send_CAN.obj                  266    0                  0                 
       FEM_speed.obj                     155    50                 20                
       DSP2833x_ECap.obj                 198    0                  0                 
       FEM_safety.obj                    149    12                 3                 
       DSP2833x_PieCtrl.obj              121    0                  0                 
       DSP2833x_CpuTimers.obj            84     0                  24                
       FEM_pedal.obj                     68     16                 4                 
       DSP2833x_Adc.obj                  67     0                  0                 
       DSP2833x_Gpio.obj                 64     0                  0                 
       DSP2833x_Spi.obj                  64     0                  0                 
       DSP2833x_MemCopy.obj              16     0                  0                 
       DSP2833x_CodeStartBranch.obj      10     0                  0                 
       DSP2833x_usDelay.obj              8      0                  0                 
       DSP2833x_ADC_cal.obj              7      0                  0                 
       DSP2833x_DisInt.obj               7      0                  0                 
    +--+---------------------------------+------+------------------+--------------------+
       Total:                            3535   342                2732              
                                                                                     
    C:\ti\ccsv8\tools\compiler\ti-cgt-c2000_18.1.2.LTS\lib\rts2800_fpu32.lib
       fs_div28.asm.obj                  136    0                  0                 
       s_cosf.c.obj                      97     0                  0                 
       s_tanf.c.obj                      97     0                  0                 
       boot28.asm.obj                    86     0                  0                 
       exit.c.obj                        41     14                 6                 
       cpy_tbl.c.obj                     36     0                  0                 
       i_div28.asm.obj                   34     0                  0                 
       memcpy.c.obj                      30     0                  0                 
       args_main.c.obj                   25     0                  0                 
       _lock.c.obj                       9      10                 4                 
       pre_init.c.obj                    2      0                  0                 
       startup.c.obj                     1      0                  0                 
    +--+---------------------------------+------+------------------+--------------------+
       Total:                            594    24                 10                
                                                                                     
       Stack:                            0      0                  768               
    +--+---------------------------------+------+------------------+--------------------+
       Grand Total:                      5286   548                3586              


GLOBAL DATA SYMBOLS: SORTED BY DATA PAGE

address     data page           name
--------    ----------------    ----
00000400      10 (00000400)     __stack

00000880      22 (00000880)     _DevEmuRegs

00000a80      2a (00000a80)     _FlashRegs

00000ae0      2b (00000ac0)     _CsmRegs

00000b00      2c (00000b00)     _AdcMirror
00000b20      2c (00000b00)     _XintfRegs

00000c00      30 (00000c00)     _CpuTimer0Regs
00000c08      30 (00000c00)     _CpuTimer1Regs
00000c10      30 (00000c00)     _CpuTimer2Regs

00000ce0      33 (00000cc0)     _PieCtrlRegs

00000d00      34 (00000d00)     _PieVectTable

00001000      40 (00001000)     _DmaRegs

00005000     140 (00005000)     _McbspaRegs

00005040     141 (00005040)     _McbspbRegs

00006000     180 (00006000)     _ECanaRegs

00006040     181 (00006040)     _ECanaLAMRegs

00006080     182 (00006080)     _ECanaMOTSRegs

000060c0     183 (000060c0)     _ECanaMOTORegs

00006100     184 (00006100)     _ECanaMboxes

00006200     188 (00006200)     _ECanbRegs

00006240     189 (00006240)     _ECanbLAMRegs

00006280     18a (00006280)     _ECanbMOTSRegs

000062c0     18b (000062c0)     _ECanbMOTORegs

00006300     18c (00006300)     _ECanbMboxes

00006800     1a0 (00006800)     _EPwm1Regs

00006840     1a1 (00006840)     _EPwm2Regs

00006880     1a2 (00006880)     _EPwm3Regs

000068c0     1a3 (000068c0)     _EPwm4Regs

00006900     1a4 (00006900)     _EPwm5Regs

00006940     1a5 (00006940)     _EPwm6Regs

00006a00     1a8 (00006a00)     _ECap1Regs
00006a20     1a8 (00006a00)     _ECap2Regs

00006a40     1a9 (00006a40)     _ECap3Regs
00006a60     1a9 (00006a40)     _ECap4Regs

00006a80     1aa (00006a80)     _ECap5Regs
00006aa0     1aa (00006a80)     _ECap6Regs

00006b00     1ac (00006b00)     _EQep1Regs

00006b40     1ad (00006b40)     _EQep2Regs

00006f80     1be (00006f80)     _GpioCtrlRegs

00006fc0     1bf (00006fc0)     _GpioDataRegs
00006fe0     1bf (00006fc0)     _GpioIntRegs

00007010     1c0 (00007000)     _SysCtrlRegs

00007040     1c1 (00007040)     _SpiaRegs
00007050     1c1 (00007040)     _SciaRegs
00007070     1c1 (00007040)     _XIntruptRegs

00007100     1c4 (00007100)     _AdcRegs

00007750     1dd (00007740)     _ScibRegs
00007770     1dd (00007740)     _ScicRegs

00007900     1e4 (00007900)     _I2caRegs

0000c000     300 (0000c000)     _racelogic
0000c001     300 (0000c000)     _max_alfa
0000c002     300 (0000c000)     _alfa
0000c003     300 (0000c000)     _temp_left_motor
0000c004     300 (0000c000)     _temp_right_motor
0000c005     300 (0000c000)     _send_motors_min_1
0000c006     300 (0000c000)     _send_right_motor
0000c007     300 (0000c000)     _send_motors_max
0000c008     300 (0000c000)     _send_motors
0000c009     300 (0000c000)     _mb_temp
0000c00a     300 (0000c000)     _SteerOut
0000c00b     300 (0000c000)     _send_left_motor
0000c00c     300 (0000c000)     _PedalOut
0000c00d     300 (0000c000)     _count_pri
0000c00e     300 (0000c000)     _z
0000c00f     300 (0000c000)     _temp1
0000c010     300 (0000c000)     _x
0000c011     300 (0000c000)     _pol
0000c012     300 (0000c000)     _SoC
0000c013     300 (0000c000)     _y
0000c014     300 (0000c000)     _temp2
0000c015     300 (0000c000)     _t
0000c016     300 (0000c000)     _i
0000c017     300 (0000c000)     _count
0000c018     300 (0000c000)     _countRF
0000c019     300 (0000c000)     _countLF
0000c01a     300 (0000c000)     _odometer
0000c01c     300 (0000c000)     _curr_phase
0000c01e     300 (0000c000)     _curr_perc
0000c020     300 (0000c000)     _perc_per_g
0000c022     300 (0000c000)     _voltage_left_motor
0000c024     300 (0000c000)     _voltage_right_motor
0000c026     300 (0000c000)     _Ul
0000c028     300 (0000c000)     _current_right_motor
0000c02a     300 (0000c000)     _voltage_bms
0000c02c     300 (0000c000)     _el
0000c02e     300 (0000c000)     _C1
0000c030     300 (0000c000)     _C2
0000c032     300 (0000c000)     _benchmark
0000c034     300 (0000c000)     _max_alfa_mod
0000c036     300 (0000c000)     _current_left_motor
0000c038     300 (0000c000)     _benchmark_start
0000c03a     300 (0000c000)     _x_curr
0000c03c     300 (0000c000)     _racelogic_time
0000c03e     300 (0000c000)     _phase

0000c040     301 (0000c040)     _slip
0000c042     301 (0000c040)     _max_slip
0000c044     301 (0000c040)     _current_left_motor_calc
0000c046     301 (0000c040)     _current_bms
0000c048     301 (0000c040)     _max_curr
0000c04a     301 (0000c040)     _current_acc_cont
0000c04c     301 (0000c040)     _CpuTimer1
0000c054     301 (0000c040)     _CpuTimer2
0000c05c     301 (0000c040)     _CpuTimer0
0000c064     301 (0000c040)     _speedFR
0000c066     301 (0000c040)     _speedFL
0000c068     301 (0000c040)     _speedRR
0000c06a     301 (0000c040)     _omegaRL
0000c06c     301 (0000c040)     _omegaRR
0000c06e     301 (0000c040)     _speedRL
0000c070     301 (0000c040)     _speed
0000c072     301 (0000c040)     _speedf
0000c074     301 (0000c040)     _speedr
0000c076     301 (0000c040)     _count_wheel
0000c078     301 (0000c040)     ___TI_enable_exit_profile_output
0000c07a     301 (0000c040)     ___TI_cleanup_ptr
0000c07c     301 (0000c040)     ___TI_dtors_ptr
0000c07e     301 (0000c040)     _button_pressed_once
0000c07f     301 (0000c040)     _mode

0000c080     302 (0000c080)     _minspeedf
0000c081     302 (0000c080)     _minspeedr
0000c082     302 (0000c080)     _can_pedal_rx_flag
0000c083     302 (0000c080)     _n
0000c084     302 (0000c080)     _error_code
0000c085     302 (0000c080)     _flag
0000c086     302 (0000c080)     _err
0000c088     302 (0000c080)     __lock
0000c08a     302 (0000c080)     __unlock

00339582    ce56 (00339580)     _PieVectTableInit

0033fff8    cfff (0033ffc0)     _CsmPwl

00380090    e002 (00380080)     _PartIdRegs


GLOBAL SYMBOLS: SORTED ALPHABETICALLY BY Name 

page  address   name                            
----  -------   ----                            
0     00338000  .text                           
0     00339364  C$$EXIT                         
0     00338f8b  FS$$DIV                         
0     003393b1  I$$DIV                          
0     003393c2  I$$MOD                          
0     00338717  _ADCINT_ISR                     
0     00380080  _ADC_cal                        
1     00000b00  _AdcMirror                      
1     00007100  _AdcRegs                        
1     0000c02e  _C1                             
1     0000c030  _C2                             
0     00339251  _ConfigCpuTimer                 
1     0000c05c  _CpuTimer0                      
1     00000c00  _CpuTimer0Regs                  
1     0000c04c  _CpuTimer1                      
1     00000c08  _CpuTimer1Regs                  
1     0000c054  _CpuTimer2                      
1     00000c10  _CpuTimer2Regs                  
1     0033fff8  _CsmPwl                         
1     00000ae0  _CsmRegs                        
0     00338d67  _CsmUnlock                      
0     0033870d  _DATALOG_ISR                    
0     00338703  _DINTCH1_ISR                    
0     003386f9  _DINTCH2_ISR                    
0     003386ef  _DINTCH3_ISR                    
0     003386e5  _DINTCH4_ISR                    
0     003386db  _DINTCH5_ISR                    
0     003386d1  _DINTCH6_ISR                    
0     00339451  _DSP28x_DisableInt              
0     00339455  _DSP28x_RestoreInt              
0     0000801d  _DSP28x_usDelay                 
1     00000880  _DevEmuRegs                     
0     00338ca2  _DisableDog                     
1     00001000  _DmaRegs                        
0     003386c7  _ECAN0INTA_ISR                  
0     003386bd  _ECAN0INTB_ISR                  
0     003386b3  _ECAN1INTA_ISR                  
0     003386a9  _ECAN1INTB_ISR                  
0     0033869f  _ECAP1_INT_ISR                  
0     00338695  _ECAP2_INT_ISR                  
0     0033868b  _ECAP3_INT_ISR                  
0     00338681  _ECAP4_INT_ISR                  
0     00338677  _ECAP5_INT_ISR                  
0     0033866d  _ECAP6_INT_ISR                  
1     00006040  _ECanaLAMRegs                   
1     000060c0  _ECanaMOTORegs                  
1     00006080  _ECanaMOTSRegs                  
1     00006100  _ECanaMboxes                    
1     00006000  _ECanaRegs                      
1     00006240  _ECanbLAMRegs                   
1     000062c0  _ECanbMOTORegs                  
1     00006280  _ECanbMOTSRegs                  
1     00006300  _ECanbMboxes                    
1     00006200  _ECanbRegs                      
1     00006a00  _ECap1Regs                      
1     00006a20  _ECap2Regs                      
1     00006a40  _ECap3Regs                      
1     00006a60  _ECap4Regs                      
1     00006a80  _ECap5Regs                      
1     00006aa0  _ECap6Regs                      
0     00338663  _EMUINT_ISR                     
0     00338659  _EPWM1_INT_ISR                  
0     0033864f  _EPWM1_TZINT_ISR                
0     00338645  _EPWM2_INT_ISR                  
0     0033863b  _EPWM2_TZINT_ISR                
0     00338631  _EPWM3_INT_ISR                  
0     00338627  _EPWM3_TZINT_ISR                
0     0033861d  _EPWM4_INT_ISR                  
0     00338613  _EPWM4_TZINT_ISR                
0     00338609  _EPWM5_INT_ISR                  
0     003385ff  _EPWM5_TZINT_ISR                
0     003385f5  _EPWM6_INT_ISR                  
0     003385eb  _EPWM6_TZINT_ISR                
1     00006800  _EPwm1Regs                      
1     00006840  _EPwm2Regs                      
1     00006880  _EPwm3Regs                      
1     000068c0  _EPwm4Regs                      
1     00006900  _EPwm5Regs                      
1     00006940  _EPwm6Regs                      
0     003385e1  _EQEP1_INT_ISR                  
0     003385d7  _EQEP2_INT_ISR                  
1     00006b00  _EQep1Regs                      
1     00006b40  _EQep2Regs                      
0     003390fd  _EnableInterrupts               
1     00000a80  _FlashRegs                      
1     00006f80  _GpioCtrlRegs                   
1     00006fc0  _GpioDataRegs                   
1     00006fe0  _GpioIntRegs                    
0     003385cd  _I2CINT1A_ISR                   
0     003385c3  _I2CINT2A_ISR                   
1     00007900  _I2caRegs                       
0     003385b9  _ILLEGAL_ISR                    
0     003385af  _INT13_ISR                      
0     003385a5  _INT14_ISR                      
0     0033927b  _InitAdc                        
0     0033921e  _InitCpuTimers                  
0     00338737  _InitECan                       
0     00338721  _InitECanGpio                   
0     003388ef  _InitECana                      
0     003388d4  _InitECanaGpio                  
0     00338737  _InitECanb                      
0     00338721  _InitECanbGpio                  
0     00338dd6  _InitECap                       
0     00338d95  _InitECap1Gpio                  
0     00338da3  _InitECap2Gpio                  
0     00338db1  _InitECap3Gpio                  
0     00338dbf  _InitECap4Gpio                  
0     00338dcd  _InitECapGpio                   
0     00008000  _InitFlash                      
0     003392b5  _InitGpio                       
0     00338cf8  _InitPeripheralClocks           
0     003390de  _InitPieCtrl                    
0     0033941f  _InitPieVectTable               
0     00338caa  _InitPll                        
0     00339323  _InitSpi                        
0     003392f5  _InitSpiGpio                    
0     003392f5  _InitSpiaGpio                   
0     00338d5e  _InitSysCtrl                    
0     0033908d  _InitXIntrupt                   
0     0033859b  _LUF_ISR                        
0     00338591  _LVF_ISR                        
0     00338587  _MRINTA_ISR                     
0     0033857d  _MRINTB_ISR                     
0     00338573  _MXINTA_ISR                     
0     00338569  _MXINTB_ISR                     
1     00005000  _McbspaRegs                     
1     00005040  _McbspbRegs                     
0     00339430  _MemCopy                        
0     0033855f  _NMI_ISR                        
0     00338555  _PIE_RESERVED                   
1     00380090  _PartIdRegs                     
1     0000c00c  _PedalOut                       
1     00000ce0  _PieCtrlRegs                    
1     00000d00  _PieVectTable                   
0     00339582  _PieVectTableInit               
0     0033854b  _RTOSINT_ISR                    
0     00320021  _RamfuncsLoadEnd                
abs   00000021  _RamfuncsLoadSize               
0     00320000  _RamfuncsLoadStart              
0     00008000  _RamfuncsRunStart               
0     00338541  _SCIRXINTA_ISR                  
0     00338537  _SCIRXINTB_ISR                  
0     0033852d  _SCIRXINTC_ISR                  
0     00338523  _SCITXINTA_ISR                  
0     00338519  _SCITXINTB_ISR                  
0     0033850f  _SCITXINTC_ISR                  
0     00338505  _SEQ1INT_ISR                    
0     003384fb  _SEQ2INT_ISR                    
0     003384f1  _SPIRXINTA_ISR                  
0     003384e7  _SPITXINTA_ISR                  
1     00007050  _SciaRegs                       
1     00007750  _ScibRegs                       
1     00007770  _ScicRegs                       
0     00338c98  _ServiceDog                     
1     0000c012  _SoC                            
1     00007040  _SpiaRegs                       
1     0000c00a  _SteerOut                       
1     00007010  _SysCtrlRegs                    
0     003384dd  _TINT0_ISR                      
0     003384d3  _USER10_ISR                     
0     003384c9  _USER11_ISR                     
0     003384bf  _USER12_ISR                     
0     003384b5  _USER1_ISR                      
0     003384ab  _USER2_ISR                      
0     003384a1  _USER3_ISR                      
0     00338497  _USER4_ISR                      
0     0033848d  _USER5_ISR                      
0     00338483  _USER6_ISR                      
0     00338479  _USER7_ISR                      
0     0033846f  _USER8_ISR                      
0     00338465  _USER9_ISR                      
1     0000c026  _Ul                             
0     0033845b  _WAKEINT_ISR                    
0     00338451  _XINT1_ISR                      
0     00338447  _XINT2_ISR                      
0     0033843d  _XINT3_ISR                      
0     00338433  _XINT4_ISR                      
0     00338429  _XINT5_ISR                      
0     0033841f  _XINT6_ISR                      
0     00338415  _XINT7_ISR                      
1     00007070  _XIntruptRegs                   
1     00000b20  _XintfRegs                      
1     00000700  __STACK_END                     
abs   00000300  __STACK_SIZE                    
1     0000c07a  ___TI_cleanup_ptr               
1     0000c07c  ___TI_dtors_ptr                 
1     0000c078  ___TI_enable_exit_profile_output
abs   ffffffff  ___TI_pprof_out_hndl            
abs   ffffffff  ___TI_prof_data_size            
abs   ffffffff  ___TI_prof_data_start           
abs   ffffffff  ___binit__                      
abs   ffffffff  ___c_args__                     
0     0033945b  ___cinit__                      
0     0033945b  ___etext__                      
abs   ffffffff  ___pinit__                      
0     00338000  ___text__                       
0     003393f1  __args_main                     
1     0000c088  __lock                          
0     00339448  __nop                           
0     00339444  __register_lock                 
0     00339440  __register_unlock               
1     00000400  __stack                         
0     0033945a  __system_post_cinit             
0     00339458  __system_pre_init               
1     0000c08a  __unlock                        
0     00339364  _abort                          
1     0000c002  _alfa                           
1     0000c032  _benchmark                      
1     0000c038  _benchmark_start                
0     00338f72  _bspd                           
1     0000c07e  _button_pressed_once            
0     003391c8  _c_int00                        
0     00339335  _calc_PedalOut                  
0     00338e5b  _calc_speed                     
0     00338a6e  _calc_steer_wheel_spi           
0     0033940a  _can_int_isr                    
1     0000c082  _can_pedal_rx_flag              
0     0033938d  _copy_in                        
0     00339106  _cos                            
0     00339106  _cosf                           
1     0000c017  _count                          
1     0000c019  _countLF                        
1     0000c018  _countRF                        
1     0000c00d  _count_pri                      
1     0000c076  _count_wheel                    
1     0000c01e  _curr_perc                      
1     0000c01c  _curr_phase                     
1     0000c04a  _current_acc_cont               
1     0000c046  _current_bms                    
1     0000c036  _current_left_motor             
1     0000c044  _current_left_motor_calc        
1     0000c028  _current_right_motor            
0     00338b06  _differential_l                 
0     00338a7e  _differential_r                 
0     003383f2  _ecap1_int_isr__Fv              
0     003383d9  _ecap2_int_isr__Fv              
0     003383bb  _ecap3_int_isr__Fv              
0     0033839d  _ecap4_int_isr                  
1     0000c02c  _el                             
1     0000c086  _err                            
1     0000c084  _error_code                     
0     00339366  _exit                           
1     0000c085  _flag                           
0     0033896d  _get_steering_buttons           
1     0000c016  _i                              
0     00339013  _main                           
0     00338000  _main_timer_isr                 
1     0000c001  _max_alfa                       
1     0000c034  _max_alfa_mod                   
1     0000c048  _max_curr                       
1     0000c042  _max_slip                       
1     0000c009  _mb_temp                        
0     003393d3  _memcpy                         
1     0000c080  _minspeedf                      
1     0000c081  _minspeedr                      
1     0000c07f  _mode                           
1     0000c083  _n                              
1     0000c01a  _odometer                       
1     0000c06a  _omegaRL                        
1     0000c06c  _omegaRR                        
1     0000c020  _perc_per_g                     
1     0000c03e  _phase                          
1     0000c011  _pol                            
1     0000c000  _racelogic                      
1     0000c03c  _racelogic_time                 
0     00339272  _read_ADC                       
0     0033840b  _rsvd_ISR                       
0     00338f0f  _rtd                            
0     00338ef6  _rtds                           
0     00338c05  _send_CAN_datalogger            
0     00338bd8  _send_CAN_motors                
0     00338bbb  _send_CAN_priborka              
0     00338ba3  _send_CAN_steer                 
0     00338b8e  _send_CAN_sync_message          
1     0000c00b  _send_left_motor                
1     0000c008  _send_motors                    
1     0000c007  _send_motors_max                
1     0000c005  _send_motors_min_1              
1     0000c006  _send_right_motor               
0     00338f5e  _shutdown_detect                
1     0000c040  _slip                           
1     0000c070  _speed                          
1     0000c066  _speedFL                        
1     0000c064  _speedFR                        
1     0000c06e  _speedRL                        
1     0000c068  _speedRR                        
1     0000c072  _speedf                         
1     0000c074  _speedr                         
0     00338969  _spi_xmit__FUi                  
0     00338f50  _stop_light                     
1     0000c015  _t                              
0     00339167  _tan                            
0     00339167  _tanf                           
1     0000c00f  _temp1                          
1     0000c014  _temp2                          
1     0000c003  _temp_left_motor                
1     0000c004  _temp_right_motor               
0     00338f46  _turnoffmf                      
1     0000c02a  _voltage_bms                    
1     0000c022  _voltage_left_motor             
1     0000c024  _voltage_right_motor            
1     0000c010  _x                              
1     0000c03a  _x_curr                         
1     0000c013  _y                              
1     0000c00e  _z                              
abs   ffffffff  binit                           
0     0033945b  cinit                           
0     0033fff6  code_start                      
0     0033945b  etext                           
abs   ffffffff  pinit                           


GLOBAL SYMBOLS: SORTED BY Symbol Address 

page  address   name                            
----  -------   ----                            
0     00008000  _InitFlash                      
0     00008000  _RamfuncsRunStart               
0     0000801d  _DSP28x_usDelay                 
0     00320000  _RamfuncsLoadStart              
0     00320021  _RamfuncsLoadEnd                
0     00338000  .text                           
0     00338000  ___text__                       
0     00338000  _main_timer_isr                 
0     0033839d  _ecap4_int_isr                  
0     003383bb  _ecap3_int_isr__Fv              
0     003383d9  _ecap2_int_isr__Fv              
0     003383f2  _ecap1_int_isr__Fv              
0     0033840b  _rsvd_ISR                       
0     00338415  _XINT7_ISR                      
0     0033841f  _XINT6_ISR                      
0     00338429  _XINT5_ISR                      
0     00338433  _XINT4_ISR                      
0     0033843d  _XINT3_ISR                      
0     00338447  _XINT2_ISR                      
0     00338451  _XINT1_ISR                      
0     0033845b  _WAKEINT_ISR                    
0     00338465  _USER9_ISR                      
0     0033846f  _USER8_ISR                      
0     00338479  _USER7_ISR                      
0     00338483  _USER6_ISR                      
0     0033848d  _USER5_ISR                      
0     00338497  _USER4_ISR                      
0     003384a1  _USER3_ISR                      
0     003384ab  _USER2_ISR                      
0     003384b5  _USER1_ISR                      
0     003384bf  _USER12_ISR                     
0     003384c9  _USER11_ISR                     
0     003384d3  _USER10_ISR                     
0     003384dd  _TINT0_ISR                      
0     003384e7  _SPITXINTA_ISR                  
0     003384f1  _SPIRXINTA_ISR                  
0     003384fb  _SEQ2INT_ISR                    
0     00338505  _SEQ1INT_ISR                    
0     0033850f  _SCITXINTC_ISR                  
0     00338519  _SCITXINTB_ISR                  
0     00338523  _SCITXINTA_ISR                  
0     0033852d  _SCIRXINTC_ISR                  
0     00338537  _SCIRXINTB_ISR                  
0     00338541  _SCIRXINTA_ISR                  
0     0033854b  _RTOSINT_ISR                    
0     00338555  _PIE_RESERVED                   
0     0033855f  _NMI_ISR                        
0     00338569  _MXINTB_ISR                     
0     00338573  _MXINTA_ISR                     
0     0033857d  _MRINTB_ISR                     
0     00338587  _MRINTA_ISR                     
0     00338591  _LVF_ISR                        
0     0033859b  _LUF_ISR                        
0     003385a5  _INT14_ISR                      
0     003385af  _INT13_ISR                      
0     003385b9  _ILLEGAL_ISR                    
0     003385c3  _I2CINT2A_ISR                   
0     003385cd  _I2CINT1A_ISR                   
0     003385d7  _EQEP2_INT_ISR                  
0     003385e1  _EQEP1_INT_ISR                  
0     003385eb  _EPWM6_TZINT_ISR                
0     003385f5  _EPWM6_INT_ISR                  
0     003385ff  _EPWM5_TZINT_ISR                
0     00338609  _EPWM5_INT_ISR                  
0     00338613  _EPWM4_TZINT_ISR                
0     0033861d  _EPWM4_INT_ISR                  
0     00338627  _EPWM3_TZINT_ISR                
0     00338631  _EPWM3_INT_ISR                  
0     0033863b  _EPWM2_TZINT_ISR                
0     00338645  _EPWM2_INT_ISR                  
0     0033864f  _EPWM1_TZINT_ISR                
0     00338659  _EPWM1_INT_ISR                  
0     00338663  _EMUINT_ISR                     
0     0033866d  _ECAP6_INT_ISR                  
0     00338677  _ECAP5_INT_ISR                  
0     00338681  _ECAP4_INT_ISR                  
0     0033868b  _ECAP3_INT_ISR                  
0     00338695  _ECAP2_INT_ISR                  
0     0033869f  _ECAP1_INT_ISR                  
0     003386a9  _ECAN1INTB_ISR                  
0     003386b3  _ECAN1INTA_ISR                  
0     003386bd  _ECAN0INTB_ISR                  
0     003386c7  _ECAN0INTA_ISR                  
0     003386d1  _DINTCH6_ISR                    
0     003386db  _DINTCH5_ISR                    
0     003386e5  _DINTCH4_ISR                    
0     003386ef  _DINTCH3_ISR                    
0     003386f9  _DINTCH2_ISR                    
0     00338703  _DINTCH1_ISR                    
0     0033870d  _DATALOG_ISR                    
0     00338717  _ADCINT_ISR                     
0     00338721  _InitECanGpio                   
0     00338721  _InitECanbGpio                  
0     00338737  _InitECan                       
0     00338737  _InitECanb                      
0     003388d4  _InitECanaGpio                  
0     003388ef  _InitECana                      
0     00338969  _spi_xmit__FUi                  
0     0033896d  _get_steering_buttons           
0     00338a6e  _calc_steer_wheel_spi           
0     00338a7e  _differential_r                 
0     00338b06  _differential_l                 
0     00338b8e  _send_CAN_sync_message          
0     00338ba3  _send_CAN_steer                 
0     00338bbb  _send_CAN_priborka              
0     00338bd8  _send_CAN_motors                
0     00338c05  _send_CAN_datalogger            
0     00338c98  _ServiceDog                     
0     00338ca2  _DisableDog                     
0     00338caa  _InitPll                        
0     00338cf8  _InitPeripheralClocks           
0     00338d5e  _InitSysCtrl                    
0     00338d67  _CsmUnlock                      
0     00338d95  _InitECap1Gpio                  
0     00338da3  _InitECap2Gpio                  
0     00338db1  _InitECap3Gpio                  
0     00338dbf  _InitECap4Gpio                  
0     00338dcd  _InitECapGpio                   
0     00338dd6  _InitECap                       
0     00338e5b  _calc_speed                     
0     00338ef6  _rtds                           
0     00338f0f  _rtd                            
0     00338f46  _turnoffmf                      
0     00338f50  _stop_light                     
0     00338f5e  _shutdown_detect                
0     00338f72  _bspd                           
0     00338f8b  FS$$DIV                         
0     00339013  _main                           
0     0033908d  _InitXIntrupt                   
0     003390de  _InitPieCtrl                    
0     003390fd  _EnableInterrupts               
0     00339106  _cos                            
0     00339106  _cosf                           
0     00339167  _tan                            
0     00339167  _tanf                           
0     003391c8  _c_int00                        
0     0033921e  _InitCpuTimers                  
0     00339251  _ConfigCpuTimer                 
0     00339272  _read_ADC                       
0     0033927b  _InitAdc                        
0     003392b5  _InitGpio                       
0     003392f5  _InitSpiGpio                    
0     003392f5  _InitSpiaGpio                   
0     00339323  _InitSpi                        
0     00339335  _calc_PedalOut                  
0     00339364  C$$EXIT                         
0     00339364  _abort                          
0     00339366  _exit                           
0     0033938d  _copy_in                        
0     003393b1  I$$DIV                          
0     003393c2  I$$MOD                          
0     003393d3  _memcpy                         
0     003393f1  __args_main                     
0     0033940a  _can_int_isr                    
0     0033941f  _InitPieVectTable               
0     00339430  _MemCopy                        
0     00339440  __register_unlock               
0     00339444  __register_lock                 
0     00339448  __nop                           
0     00339451  _DSP28x_DisableInt              
0     00339455  _DSP28x_RestoreInt              
0     00339458  __system_pre_init               
0     0033945a  __system_post_cinit             
0     0033945b  ___cinit__                      
0     0033945b  ___etext__                      
0     0033945b  cinit                           
0     0033945b  etext                           
0     00339582  _PieVectTableInit               
0     0033fff6  code_start                      
0     00380080  _ADC_cal                        
1     00000400  __stack                         
1     00000700  __STACK_END                     
1     00000880  _DevEmuRegs                     
1     00000a80  _FlashRegs                      
1     00000ae0  _CsmRegs                        
1     00000b00  _AdcMirror                      
1     00000b20  _XintfRegs                      
1     00000c00  _CpuTimer0Regs                  
1     00000c08  _CpuTimer1Regs                  
1     00000c10  _CpuTimer2Regs                  
1     00000ce0  _PieCtrlRegs                    
1     00000d00  _PieVectTable                   
1     00001000  _DmaRegs                        
1     00005000  _McbspaRegs                     
1     00005040  _McbspbRegs                     
1     00006000  _ECanaRegs                      
1     00006040  _ECanaLAMRegs                   
1     00006080  _ECanaMOTSRegs                  
1     000060c0  _ECanaMOTORegs                  
1     00006100  _ECanaMboxes                    
1     00006200  _ECanbRegs                      
1     00006240  _ECanbLAMRegs                   
1     00006280  _ECanbMOTSRegs                  
1     000062c0  _ECanbMOTORegs                  
1     00006300  _ECanbMboxes                    
1     00006800  _EPwm1Regs                      
1     00006840  _EPwm2Regs                      
1     00006880  _EPwm3Regs                      
1     000068c0  _EPwm4Regs                      
1     00006900  _EPwm5Regs                      
1     00006940  _EPwm6Regs                      
1     00006a00  _ECap1Regs                      
1     00006a20  _ECap2Regs                      
1     00006a40  _ECap3Regs                      
1     00006a60  _ECap4Regs                      
1     00006a80  _ECap5Regs                      
1     00006aa0  _ECap6Regs                      
1     00006b00  _EQep1Regs                      
1     00006b40  _EQep2Regs                      
1     00006f80  _GpioCtrlRegs                   
1     00006fc0  _GpioDataRegs                   
1     00006fe0  _GpioIntRegs                    
1     00007010  _SysCtrlRegs                    
1     00007040  _SpiaRegs                       
1     00007050  _SciaRegs                       
1     00007070  _XIntruptRegs                   
1     00007100  _AdcRegs                        
1     00007750  _ScibRegs                       
1     00007770  _ScicRegs                       
1     00007900  _I2caRegs                       
1     0000c000  _racelogic                      
1     0000c001  _max_alfa                       
1     0000c002  _alfa                           
1     0000c003  _temp_left_motor                
1     0000c004  _temp_right_motor               
1     0000c005  _send_motors_min_1              
1     0000c006  _send_right_motor               
1     0000c007  _send_motors_max                
1     0000c008  _send_motors                    
1     0000c009  _mb_temp                        
1     0000c00a  _SteerOut                       
1     0000c00b  _send_left_motor                
1     0000c00c  _PedalOut                       
1     0000c00d  _count_pri                      
1     0000c00e  _z                              
1     0000c00f  _temp1                          
1     0000c010  _x                              
1     0000c011  _pol                            
1     0000c012  _SoC                            
1     0000c013  _y                              
1     0000c014  _temp2                          
1     0000c015  _t                              
1     0000c016  _i                              
1     0000c017  _count                          
1     0000c018  _countRF                        
1     0000c019  _countLF                        
1     0000c01a  _odometer                       
1     0000c01c  _curr_phase                     
1     0000c01e  _curr_perc                      
1     0000c020  _perc_per_g                     
1     0000c022  _voltage_left_motor             
1     0000c024  _voltage_right_motor            
1     0000c026  _Ul                             
1     0000c028  _current_right_motor            
1     0000c02a  _voltage_bms                    
1     0000c02c  _el                             
1     0000c02e  _C1                             
1     0000c030  _C2                             
1     0000c032  _benchmark                      
1     0000c034  _max_alfa_mod                   
1     0000c036  _current_left_motor             
1     0000c038  _benchmark_start                
1     0000c03a  _x_curr                         
1     0000c03c  _racelogic_time                 
1     0000c03e  _phase                          
1     0000c040  _slip                           
1     0000c042  _max_slip                       
1     0000c044  _current_left_motor_calc        
1     0000c046  _current_bms                    
1     0000c048  _max_curr                       
1     0000c04a  _current_acc_cont               
1     0000c04c  _CpuTimer1                      
1     0000c054  _CpuTimer2                      
1     0000c05c  _CpuTimer0                      
1     0000c064  _speedFR                        
1     0000c066  _speedFL                        
1     0000c068  _speedRR                        
1     0000c06a  _omegaRL                        
1     0000c06c  _omegaRR                        
1     0000c06e  _speedRL                        
1     0000c070  _speed                          
1     0000c072  _speedf                         
1     0000c074  _speedr                         
1     0000c076  _count_wheel                    
1     0000c078  ___TI_enable_exit_profile_output
1     0000c07a  ___TI_cleanup_ptr               
1     0000c07c  ___TI_dtors_ptr                 
1     0000c07e  _button_pressed_once            
1     0000c07f  _mode                           
1     0000c080  _minspeedf                      
1     0000c081  _minspeedr                      
1     0000c082  _can_pedal_rx_flag              
1     0000c083  _n                              
1     0000c084  _error_code                     
1     0000c085  _flag                           
1     0000c086  _err                            
1     0000c088  __lock                          
1     0000c08a  __unlock                        
1     0033fff8  _CsmPwl                         
1     00380090  _PartIdRegs                     
abs   00000021  _RamfuncsLoadSize               
abs   00000300  __STACK_SIZE                    
abs   ffffffff  ___TI_pprof_out_hndl            
abs   ffffffff  ___TI_prof_data_size            
abs   ffffffff  ___TI_prof_data_start           
abs   ffffffff  ___binit__                      
abs   ffffffff  ___c_args__                     
abs   ffffffff  ___pinit__                      
abs   ffffffff  binit                           
abs   ffffffff  pinit                           

[310 symbols]
